Info: Starting: Create block symbol file (.bsf)
Info: qsys-generate D:\Documents\GitHub_University\cs701\gp-2\ip\nios\nios.qsys --block-symbol-file --output-directory=D:\Documents\GitHub_University\cs701\gp-2\ip\nios --family="Cyclone V" --part=5CSEMA5F31C6
Progress: Loading nios/nios.qsys
Progress: Reading input file
Progress: Adding clk_nios [clock_source 18.1]
Progress: Parameterizing module clk_nios
Progress: Adding clk_noc [clock_source 18.1]
Progress: Parameterizing module clk_noc
Progress: Adding cpu [altera_nios2_gen2 18.1]
Progress: Parameterizing module cpu
Progress: Adding jtag_uart [altera_avalon_jtag_uart 18.1]
Progress: Parameterizing module jtag_uart
Progress: Adding mm_clock_crossing_bridge_0 [altera_avalon_mm_clock_crossing_bridge 18.1]
Progress: Parameterizing module mm_clock_crossing_bridge_0
Progress: Adding noc_bridge [noc_avalon_bridge 1.0]
Progress: Parameterizing module noc_bridge
Progress: Adding onchip_memory [altera_avalon_onchip_memory2 18.1]
Progress: Parameterizing module onchip_memory
Progress: Adding recop_reset_pio [altera_avalon_pio 18.1]
Progress: Parameterizing module recop_reset_pio
Progress: Adding u_confprog_build [confprog_build 1.0]
Progress: Parameterizing module u_confprog_build
Progress: Building connections
Progress: Parameterizing connections
Progress: Validating
Progress: Done reading input file
Info: nios.jtag_uart: JTAG UART IP input clock need to be at least double (2x) the operating frequency of JTAG TCK on board
Info: qsys-generate succeeded.
Info: Finished: Create block symbol file (.bsf)
Info: 
Info: Starting: Create HDL design files for synthesis
Info: qsys-generate D:\Documents\GitHub_University\cs701\gp-2\ip\nios\nios.qsys --synthesis=VHDL --output-directory=D:\Documents\GitHub_University\cs701\gp-2\ip\nios\synthesis --family="Cyclone V" --part=5CSEMA5F31C6
Progress: Loading nios/nios.qsys
Progress: Reading input file
Progress: Adding clk_nios [clock_source 18.1]
Progress: Parameterizing module clk_nios
Progress: Adding clk_noc [clock_source 18.1]
Progress: Parameterizing module clk_noc
Progress: Adding cpu [altera_nios2_gen2 18.1]
Progress: Parameterizing module cpu
Progress: Adding jtag_uart [altera_avalon_jtag_uart 18.1]
Progress: Parameterizing module jtag_uart
Progress: Adding mm_clock_crossing_bridge_0 [altera_avalon_mm_clock_crossing_bridge 18.1]
Progress: Parameterizing module mm_clock_crossing_bridge_0
Progress: Adding noc_bridge [noc_avalon_bridge 1.0]
Progress: Parameterizing module noc_bridge
Progress: Adding onchip_memory [altera_avalon_onchip_memory2 18.1]
Progress: Parameterizing module onchip_memory
Progress: Adding recop_reset_pio [altera_avalon_pio 18.1]
Progress: Parameterizing module recop_reset_pio
Progress: Adding u_confprog_build [confprog_build 1.0]
Progress: Parameterizing module u_confprog_build
Progress: Building connections
Progress: Parameterizing connections
Progress: Validating
Progress: Done reading input file
Info: nios.jtag_uart: JTAG UART IP input clock need to be at least double (2x) the operating frequency of JTAG TCK on board
Info: nios: Generating nios "nios" for QUARTUS_SYNTH
Info: cpu: "nios" instantiated altera_nios2_gen2 "cpu"
Info: jtag_uart: Starting RTL generation for module 'nios_jtag_uart'
Info: jtag_uart:   Generation command is [exec C:/intelfpga/18.1/quartus/bin64/perl/bin/perl.exe -I C:/intelfpga/18.1/quartus/bin64/perl/lib -I C:/intelfpga/18.1/quartus/sopc_builder/bin/europa -I C:/intelfpga/18.1/quartus/sopc_builder/bin/perl_lib -I C:/intelfpga/18.1/quartus/sopc_builder/bin -I C:/intelfpga/18.1/quartus/../ip/altera/sopc_builder_ip/common -I C:/intelfpga/18.1/quartus/../ip/altera/sopc_builder_ip/altera_avalon_jtag_uart -- C:/intelfpga/18.1/quartus/../ip/altera/sopc_builder_ip/altera_avalon_jtag_uart/generate_rtl.pl --name=nios_jtag_uart --dir=C:/Users/pkasc/AppData/Local/Temp/alt0613_710125674421132301.dir/0002_jtag_uart_gen/ --quartus_dir=C:/intelfpga/18.1/quartus --verilog --config=C:/Users/pkasc/AppData/Local/Temp/alt0613_710125674421132301.dir/0002_jtag_uart_gen//nios_jtag_uart_component_configuration.pl  --do_build_sim=0  ]
Info: jtag_uart: Done RTL generation for module 'nios_jtag_uart'
Info: jtag_uart: "nios" instantiated altera_avalon_jtag_uart "jtag_uart"
Info: mm_clock_crossing_bridge_0: "nios" instantiated altera_avalon_mm_clock_crossing_bridge "mm_clock_crossing_bridge_0"
Info: noc_bridge: "nios" instantiated noc_avalon_bridge "noc_bridge"
Info: onchip_memory: Starting RTL generation for module 'nios_onchip_memory'
Info: onchip_memory:   Generation command is [exec C:/intelfpga/18.1/quartus/bin64/perl/bin/perl.exe -I C:/intelfpga/18.1/quartus/bin64/perl/lib -I C:/intelfpga/18.1/quartus/sopc_builder/bin/europa -I C:/intelfpga/18.1/quartus/sopc_builder/bin/perl_lib -I C:/intelfpga/18.1/quartus/sopc_builder/bin -I C:/intelfpga/18.1/quartus/../ip/altera/sopc_builder_ip/common -I C:/intelfpga/18.1/quartus/../ip/altera/sopc_builder_ip/altera_avalon_onchip_memory2 -- C:/intelfpga/18.1/quartus/../ip/altera/sopc_builder_ip/altera_avalon_onchip_memory2/generate_rtl.pl --name=nios_onchip_memory --dir=C:/Users/pkasc/AppData/Local/Temp/alt0613_710125674421132301.dir/0005_onchip_memory_gen/ --quartus_dir=C:/intelfpga/18.1/quartus --verilog --config=C:/Users/pkasc/AppData/Local/Temp/alt0613_710125674421132301.dir/0005_onchip_memory_gen//nios_onchip_memory_component_configuration.pl  --do_build_sim=0  ]
Info: onchip_memory: Done RTL generation for module 'nios_onchip_memory'
Info: onchip_memory: "nios" instantiated altera_avalon_onchip_memory2 "onchip_memory"
Info: recop_reset_pio: Starting RTL generation for module 'nios_recop_reset_pio'
Info: recop_reset_pio:   Generation command is [exec C:/intelfpga/18.1/quartus/bin64/perl/bin/perl.exe -I C:/intelfpga/18.1/quartus/bin64/perl/lib -I C:/intelfpga/18.1/quartus/sopc_builder/bin/europa -I C:/intelfpga/18.1/quartus/sopc_builder/bin/perl_lib -I C:/intelfpga/18.1/quartus/sopc_builder/bin -I C:/intelfpga/18.1/quartus/../ip/altera/sopc_builder_ip/common -I C:/intelfpga/18.1/quartus/../ip/altera/sopc_builder_ip/altera_avalon_pio -- C:/intelfpga/18.1/quartus/../ip/altera/sopc_builder_ip/altera_avalon_pio/generate_rtl.pl --name=nios_recop_reset_pio --dir=C:/Users/pkasc/AppData/Local/Temp/alt0613_710125674421132301.dir/0006_recop_reset_pio_gen/ --quartus_dir=C:/intelfpga/18.1/quartus --verilog --config=C:/Users/pkasc/AppData/Local/Temp/alt0613_710125674421132301.dir/0006_recop_reset_pio_gen//nios_recop_reset_pio_component_configuration.pl  --do_build_sim=0  ]
Info: recop_reset_pio: Done RTL generation for module 'nios_recop_reset_pio'
Info: recop_reset_pio: "nios" instantiated altera_avalon_pio "recop_reset_pio"
Info: u_confprog_build: "nios" instantiated confprog_build "u_confprog_build"
Info: cpu_custom_instruction_master_translator: "nios" instantiated altera_customins_master_translator "cpu_custom_instruction_master_translator"
Info: cpu_custom_instruction_master_comb_xconnect: "nios" instantiated altera_customins_xconnect "cpu_custom_instruction_master_comb_xconnect"
Info: cpu_custom_instruction_master_comb_slave_translator0: "nios" instantiated altera_customins_slave_translator "cpu_custom_instruction_master_comb_slave_translator0"
Info: avalon_st_adapter: Inserting error_adapter: error_adapter_0
Info: avalon_st_adapter_001: Inserting error_adapter: error_adapter_0
Info: avalon_st_adapter_002: Inserting error_adapter: error_adapter_0
Info: avalon_st_adapter_003: Inserting error_adapter: error_adapter_0
Info: mm_interconnect_0: "nios" instantiated altera_mm_interconnect "mm_interconnect_0"
Info: avalon_st_adapter: Inserting error_adapter: error_adapter_0
Info: avalon_st_adapter_001: Inserting error_adapter: error_adapter_0
Info: mm_interconnect_1: "nios" instantiated altera_mm_interconnect "mm_interconnect_1"
Info: irq_mapper: "nios" instantiated altera_irq_mapper "irq_mapper"
Info: rst_controller: "nios" instantiated altera_reset_controller "rst_controller"
Info: cpu: Starting RTL generation for module 'nios_cpu_cpu'
Info: cpu:   Generation command is [exec C:/intelFPGA/18.1/quartus/bin64//eperlcmd.exe -I C:/intelFPGA/18.1/quartus/bin64//perl/lib -I C:/intelfpga/18.1/quartus/sopc_builder/bin/europa -I C:/intelfpga/18.1/quartus/sopc_builder/bin/perl_lib -I C:/intelfpga/18.1/quartus/sopc_builder/bin -I C:/intelfpga/18.1/quartus/../ip/altera/nios2_ip/altera_nios2_gen2/cpu_lib -I C:/intelfpga/18.1/quartus/../ip/altera/nios2_ip/altera_nios2_gen2/nios_lib -I C:/intelfpga/18.1/quartus/../ip/altera/nios2_ip/altera_nios2_gen2 -I C:/intelfpga/18.1/quartus/../ip/altera/nios2_ip/altera_nios2_gen2 -- C:/intelfpga/18.1/quartus/../ip/altera/nios2_ip/altera_nios2_gen2/generate_rtl.epl --name=nios_cpu_cpu --dir=C:/Users/pkasc/AppData/Local/Temp/alt0613_710125674421132301.dir/0013_cpu_gen/ --quartus_bindir=C:/intelFPGA/18.1/quartus/bin64/ --verilog --config=C:/Users/pkasc/AppData/Local/Temp/alt0613_710125674421132301.dir/0013_cpu_gen//nios_cpu_cpu_processor_configuration.pl  --do_build_sim=0  ]
Info: cpu: # 2026.06.10 12:13:16 (*) Starting Nios II generation
Info: cpu: # 2026.06.10 12:13:16 (*)   Checking for plaintext license.
Info: cpu: # 2026.06.10 12:13:17 (*)   Plaintext license not found.
Info: cpu: # 2026.06.10 12:13:17 (*)   Checking for encrypted license (non-evaluation).
Info: cpu: # 2026.06.10 12:13:17 (*)   Encrypted license found.  SOF will not be time-limited.
Info: cpu: # 2026.06.10 12:13:17 (*)   Elaborating CPU configuration settings
Info: cpu: # 2026.06.10 12:13:17 (*)   Creating all objects for CPU
Info: cpu: # 2026.06.10 12:13:17 (*)     Testbench
Info: cpu: # 2026.06.10 12:13:17 (*)     Instruction decoding
Info: cpu: # 2026.06.10 12:13:17 (*)       Instruction fields
Info: cpu: # 2026.06.10 12:13:17 (*)       Instruction decodes
Info: cpu: # 2026.06.10 12:13:17 (*)       Signals for RTL simulation waveforms
Info: cpu: # 2026.06.10 12:13:17 (*)       Instruction controls
Info: cpu: # 2026.06.10 12:13:17 (*)     Pipeline frontend
Info: cpu: # 2026.06.10 12:13:17 (*)     Pipeline backend
Info: cpu: # 2026.06.10 12:13:18 (*)   Generating RTL from CPU objects
Info: cpu: # 2026.06.10 12:13:19 (*)   Creating encrypted RTL
Info: cpu: # 2026.06.10 12:13:19 (*) Done Nios II generation
Info: cpu: Done RTL generation for module 'nios_cpu_cpu'
Info: cpu: "cpu" instantiated altera_nios2_gen2_unit "cpu"
Info: cpu_data_master_translator: "mm_interconnect_0" instantiated altera_merlin_master_translator "cpu_data_master_translator"
Info: jtag_uart_avalon_jtag_slave_translator: "mm_interconnect_0" instantiated altera_merlin_slave_translator "jtag_uart_avalon_jtag_slave_translator"
Info: cpu_data_master_agent: "mm_interconnect_0" instantiated altera_merlin_master_agent "cpu_data_master_agent"
Info: jtag_uart_avalon_jtag_slave_agent: "mm_interconnect_0" instantiated altera_merlin_slave_agent "jtag_uart_avalon_jtag_slave_agent"
Info: jtag_uart_avalon_jtag_slave_agent_rsp_fifo: "mm_interconnect_0" instantiated altera_avalon_sc_fifo "jtag_uart_avalon_jtag_slave_agent_rsp_fifo"
Info: router: "mm_interconnect_0" instantiated altera_merlin_router "router"
Info: router_001: "mm_interconnect_0" instantiated altera_merlin_router "router_001"
Info: router_002: "mm_interconnect_0" instantiated altera_merlin_router "router_002"
Info: router_003: "mm_interconnect_0" instantiated altera_merlin_router "router_003"
Info: cmd_demux: "mm_interconnect_0" instantiated altera_merlin_demultiplexer "cmd_demux"
Info: cmd_demux_001: "mm_interconnect_0" instantiated altera_merlin_demultiplexer "cmd_demux_001"
Info: cmd_mux: "mm_interconnect_0" instantiated altera_merlin_multiplexer "cmd_mux"
Info: cmd_mux_001: "mm_interconnect_0" instantiated altera_merlin_multiplexer "cmd_mux_001"
Info: Reusing file D:/Documents/GitHub_University/cs701/gp-2/ip/nios/synthesis/submodules/altera_merlin_arbitrator.sv
Info: rsp_demux: "mm_interconnect_0" instantiated altera_merlin_demultiplexer "rsp_demux"
Info: rsp_mux: "mm_interconnect_0" instantiated altera_merlin_multiplexer "rsp_mux"
Info: Reusing file D:/Documents/GitHub_University/cs701/gp-2/ip/nios/synthesis/submodules/altera_merlin_arbitrator.sv
Info: rsp_mux_001: "mm_interconnect_0" instantiated altera_merlin_multiplexer "rsp_mux_001"
Info: Reusing file D:/Documents/GitHub_University/cs701/gp-2/ip/nios/synthesis/submodules/altera_merlin_arbitrator.sv
Info: avalon_st_adapter: "mm_interconnect_0" instantiated altera_avalon_st_adapter "avalon_st_adapter"
Info: router: "mm_interconnect_1" instantiated altera_merlin_router "router"
Info: router_001: "mm_interconnect_1" instantiated altera_merlin_router "router_001"
Info: mm_clock_crossing_bridge_0_m0_limiter: "mm_interconnect_1" instantiated altera_merlin_traffic_limiter "mm_clock_crossing_bridge_0_m0_limiter"
Info: Reusing file D:/Documents/GitHub_University/cs701/gp-2/ip/nios/synthesis/submodules/altera_avalon_sc_fifo.v
Info: cmd_demux: "mm_interconnect_1" instantiated altera_merlin_demultiplexer "cmd_demux"
Info: cmd_mux: "mm_interconnect_1" instantiated altera_merlin_multiplexer "cmd_mux"
Info: Reusing file D:/Documents/GitHub_University/cs701/gp-2/ip/nios/synthesis/submodules/altera_merlin_arbitrator.sv
Info: rsp_demux: "mm_interconnect_1" instantiated altera_merlin_demultiplexer "rsp_demux"
Info: rsp_mux: "mm_interconnect_1" instantiated altera_merlin_multiplexer "rsp_mux"
Info: Reusing file D:/Documents/GitHub_University/cs701/gp-2/ip/nios/synthesis/submodules/altera_merlin_arbitrator.sv
Info: error_adapter_0: "avalon_st_adapter" instantiated error_adapter "error_adapter_0"
Info: nios: Done "nios" with 41 modules, 64 files
Info: qsys-generate succeeded.
Info: Finished: Create HDL design files for synthesis
