Archive member included to satisfy reference by file (symbol)

c:/intelfpga/18.1/nios2eds/bin/gnu/h-x86_64-mingw32/bin/../lib/gcc/nios2-elf/5.3.0/../../../../../H-x86_64-mingw32/nios2-elf/lib\libsmallc.a(lib_a-printf.o)
                              obj/default/nios_reconfig.o (printf)
c:/intelfpga/18.1/nios2eds/bin/gnu/h-x86_64-mingw32/bin/../lib/gcc/nios2-elf/5.3.0/../../../../../H-x86_64-mingw32/nios2-elf/lib\libsmallc.a(lib_a-puts.o)
                              obj/default/nios_reconfig.o (puts)
c:/intelfpga/18.1/nios2eds/bin/gnu/h-x86_64-mingw32/bin/../lib/gcc/nios2-elf/5.3.0/../../../../../H-x86_64-mingw32/nios2-elf/lib\libsmallc.a(lib_a-strlen.o)
                              c:/intelfpga/18.1/nios2eds/bin/gnu/h-x86_64-mingw32/bin/../lib/gcc/nios2-elf/5.3.0/../../../../../H-x86_64-mingw32/nios2-elf/lib\libsmallc.a(lib_a-puts.o) (strlen)
c:/intelfpga/18.1/nios2eds/bin/gnu/h-x86_64-mingw32/bin/../lib/gcc/nios2-elf/5.3.0/../../../../../H-x86_64-mingw32/nios2-elf/lib\libsmallc.a(lib_a-vfprintf.o)
                              c:/intelfpga/18.1/nios2eds/bin/gnu/h-x86_64-mingw32/bin/../lib/gcc/nios2-elf/5.3.0/../../../../../H-x86_64-mingw32/nios2-elf/lib\libsmallc.a(lib_a-printf.o) (___vfprintf_internal_r)
c:/intelfpga/18.1/nios2eds/bin/gnu/h-x86_64-mingw32/bin/../lib/gcc/nios2-elf/5.3.0/../../../../../H-x86_64-mingw32/nios2-elf/lib\libsmallc.a(lib_a-fvwrite_small_dev.o)
                              c:/intelfpga/18.1/nios2eds/bin/gnu/h-x86_64-mingw32/bin/../lib/gcc/nios2-elf/5.3.0/../../../../../H-x86_64-mingw32/nios2-elf/lib\libsmallc.a(lib_a-printf.o) (__sfvwrite_small_dev)
c:/intelfpga/18.1/nios2eds/bin/gnu/h-x86_64-mingw32/bin/../lib/gcc/nios2-elf/5.3.0/../../../../../H-x86_64-mingw32/nios2-elf/lib\libsmallc.a(lib_a-impure.o)
                              c:/intelfpga/18.1/nios2eds/bin/gnu/h-x86_64-mingw32/bin/../lib/gcc/nios2-elf/5.3.0/../../../../../H-x86_64-mingw32/nios2-elf/lib\libsmallc.a(lib_a-printf.o) (_impure_ptr)
c:/intelfpga/18.1/nios2eds/bin/gnu/h-x86_64-mingw32/bin/../lib/gcc/nios2-elf/5.3.0/../../../../../H-x86_64-mingw32/nios2-elf/lib\libsmallc.a(lib_a-writer.o)
                              c:/intelfpga/18.1/nios2eds/bin/gnu/h-x86_64-mingw32/bin/../lib/gcc/nios2-elf/5.3.0/../../../../../H-x86_64-mingw32/nios2-elf/lib\libsmallc.a(lib_a-fvwrite_small_dev.o) (_write_r)
c:/intelfpga/18.1/nios2eds/bin/gnu/h-x86_64-mingw32/bin/../lib/gcc/nios2-elf/5.3.0/../../../../../H-x86_64-mingw32/nios2-elf/lib\libsmallc.a(lib_a-int_errno.o)
                              c:/intelfpga/18.1/nios2eds/bin/gnu/h-x86_64-mingw32/bin/../lib/gcc/nios2-elf/5.3.0/../../../../../H-x86_64-mingw32/nios2-elf/lib\libsmallc.a(lib_a-writer.o) (errno)
c:/intelfpga/18.1/nios2eds/bin/gnu/h-x86_64-mingw32/bin/../lib/gcc/nios2-elf/5.3.0\libgcc.a(lib2-divmod.o)
                              c:/intelfpga/18.1/nios2eds/bin/gnu/h-x86_64-mingw32/bin/../lib/gcc/nios2-elf/5.3.0/../../../../../H-x86_64-mingw32/nios2-elf/lib\libsmallc.a(lib_a-vfprintf.o) (__udivsi3)
D:/Documents/GitHub_University/cs701/gp-2/software/nios_bsp/\libhal_bsp.a(alt_load.o)
                              D:/Documents/GitHub_University/cs701/gp-2/software/nios_bsp//obj/HAL/src/crt0.o (alt_load)
D:/Documents/GitHub_University/cs701/gp-2/software/nios_bsp/\libhal_bsp.a(alt_main.o)
                              D:/Documents/GitHub_University/cs701/gp-2/software/nios_bsp//obj/HAL/src/crt0.o (alt_main)
D:/Documents/GitHub_University/cs701/gp-2/software/nios_bsp/\libhal_bsp.a(alt_write.o)
                              c:/intelfpga/18.1/nios2eds/bin/gnu/h-x86_64-mingw32/bin/../lib/gcc/nios2-elf/5.3.0/../../../../../H-x86_64-mingw32/nios2-elf/lib\libsmallc.a(lib_a-writer.o) (write)
D:/Documents/GitHub_University/cs701/gp-2/software/nios_bsp/\libhal_bsp.a(alt_sys_init.o)
                              D:/Documents/GitHub_University/cs701/gp-2/software/nios_bsp/\libhal_bsp.a(alt_main.o) (alt_irq_init)
D:/Documents/GitHub_University/cs701/gp-2/software/nios_bsp/\libhal_bsp.a(altera_avalon_jtag_uart_fd.o)
                              D:/Documents/GitHub_University/cs701/gp-2/software/nios_bsp/\libhal_bsp.a(alt_sys_init.o) (altera_avalon_jtag_uart_read_fd)
D:/Documents/GitHub_University/cs701/gp-2/software/nios_bsp/\libhal_bsp.a(altera_avalon_jtag_uart_read.o)
                              D:/Documents/GitHub_University/cs701/gp-2/software/nios_bsp/\libhal_bsp.a(altera_avalon_jtag_uart_fd.o) (altera_avalon_jtag_uart_read)
D:/Documents/GitHub_University/cs701/gp-2/software/nios_bsp/\libhal_bsp.a(altera_avalon_jtag_uart_write.o)
                              D:/Documents/GitHub_University/cs701/gp-2/software/nios_bsp/\libhal_bsp.a(altera_avalon_jtag_uart_fd.o) (altera_avalon_jtag_uart_write)
D:/Documents/GitHub_University/cs701/gp-2/software/nios_bsp/\libhal_bsp.a(alt_close.o)
                              D:/Documents/GitHub_University/cs701/gp-2/software/nios_bsp/\libhal_bsp.a(alt_main.o) (close)
D:/Documents/GitHub_University/cs701/gp-2/software/nios_bsp/\libhal_bsp.a(alt_dcache_flush_all.o)
                              D:/Documents/GitHub_University/cs701/gp-2/software/nios_bsp/\libhal_bsp.a(alt_load.o) (alt_dcache_flush_all)
D:/Documents/GitHub_University/cs701/gp-2/software/nios_bsp/\libhal_bsp.a(alt_dev.o)
                              D:/Documents/GitHub_University/cs701/gp-2/software/nios_bsp/\libhal_bsp.a(alt_sys_init.o) (alt_dev_list)
D:/Documents/GitHub_University/cs701/gp-2/software/nios_bsp/\libhal_bsp.a(alt_dev_llist_insert.o)
                              D:/Documents/GitHub_University/cs701/gp-2/software/nios_bsp/\libhal_bsp.a(alt_sys_init.o) (alt_dev_llist_insert)
D:/Documents/GitHub_University/cs701/gp-2/software/nios_bsp/\libhal_bsp.a(alt_do_ctors.o)
                              D:/Documents/GitHub_University/cs701/gp-2/software/nios_bsp/\libhal_bsp.a(alt_main.o) (_do_ctors)
D:/Documents/GitHub_University/cs701/gp-2/software/nios_bsp/\libhal_bsp.a(alt_do_dtors.o)
                              D:/Documents/GitHub_University/cs701/gp-2/software/nios_bsp/\libhal_bsp.a(alt_main.o) (_do_dtors)
D:/Documents/GitHub_University/cs701/gp-2/software/nios_bsp/\libhal_bsp.a(alt_errno.o)
                              D:/Documents/GitHub_University/cs701/gp-2/software/nios_bsp/\libhal_bsp.a(alt_write.o) (alt_errno)
D:/Documents/GitHub_University/cs701/gp-2/software/nios_bsp/\libhal_bsp.a(alt_icache_flush_all.o)
                              D:/Documents/GitHub_University/cs701/gp-2/software/nios_bsp/\libhal_bsp.a(alt_load.o) (alt_icache_flush_all)
D:/Documents/GitHub_University/cs701/gp-2/software/nios_bsp/\libhal_bsp.a(alt_io_redirect.o)
                              D:/Documents/GitHub_University/cs701/gp-2/software/nios_bsp/\libhal_bsp.a(alt_main.o) (alt_io_redirect)
D:/Documents/GitHub_University/cs701/gp-2/software/nios_bsp/\libhal_bsp.a(alt_open.o)
                              D:/Documents/GitHub_University/cs701/gp-2/software/nios_bsp/\libhal_bsp.a(alt_io_redirect.o) (open)
D:/Documents/GitHub_University/cs701/gp-2/software/nios_bsp/\libhal_bsp.a(alt_release_fd.o)
                              D:/Documents/GitHub_University/cs701/gp-2/software/nios_bsp/\libhal_bsp.a(alt_close.o) (alt_release_fd)
D:/Documents/GitHub_University/cs701/gp-2/software/nios_bsp/\libhal_bsp.a(altera_nios2_gen2_irq.o)
                              D:/Documents/GitHub_University/cs701/gp-2/software/nios_bsp/\libhal_bsp.a(alt_sys_init.o) (altera_nios2_gen2_irq_init)
D:/Documents/GitHub_University/cs701/gp-2/software/nios_bsp/\libhal_bsp.a(alt_find_dev.o)
                              D:/Documents/GitHub_University/cs701/gp-2/software/nios_bsp/\libhal_bsp.a(alt_open.o) (alt_find_dev)
D:/Documents/GitHub_University/cs701/gp-2/software/nios_bsp/\libhal_bsp.a(alt_find_file.o)
                              D:/Documents/GitHub_University/cs701/gp-2/software/nios_bsp/\libhal_bsp.a(alt_open.o) (alt_find_file)
D:/Documents/GitHub_University/cs701/gp-2/software/nios_bsp/\libhal_bsp.a(alt_get_fd.o)
                              D:/Documents/GitHub_University/cs701/gp-2/software/nios_bsp/\libhal_bsp.a(alt_open.o) (alt_get_fd)
c:/intelfpga/18.1/nios2eds/bin/gnu/h-x86_64-mingw32/bin/../lib/gcc/nios2-elf/5.3.0/../../../../../H-x86_64-mingw32/nios2-elf/lib\libsmallc.a(lib_a-atexit.o)
                              D:/Documents/GitHub_University/cs701/gp-2/software/nios_bsp/\libhal_bsp.a(alt_main.o) (atexit)
c:/intelfpga/18.1/nios2eds/bin/gnu/h-x86_64-mingw32/bin/../lib/gcc/nios2-elf/5.3.0/../../../../../H-x86_64-mingw32/nios2-elf/lib\libsmallc.a(lib_a-exit.o)
                              D:/Documents/GitHub_University/cs701/gp-2/software/nios_bsp/\libhal_bsp.a(alt_main.o) (exit)
c:/intelfpga/18.1/nios2eds/bin/gnu/h-x86_64-mingw32/bin/../lib/gcc/nios2-elf/5.3.0/../../../../../H-x86_64-mingw32/nios2-elf/lib\libsmallc.a(lib_a-memcmp.o)
                              D:/Documents/GitHub_University/cs701/gp-2/software/nios_bsp/\libhal_bsp.a(alt_find_dev.o) (memcmp)
c:/intelfpga/18.1/nios2eds/bin/gnu/h-x86_64-mingw32/bin/../lib/gcc/nios2-elf/5.3.0/../../../../../H-x86_64-mingw32/nios2-elf/lib\libsmallc.a(lib_a-__atexit.o)
                              c:/intelfpga/18.1/nios2eds/bin/gnu/h-x86_64-mingw32/bin/../lib/gcc/nios2-elf/5.3.0/../../../../../H-x86_64-mingw32/nios2-elf/lib\libsmallc.a(lib_a-atexit.o) (__register_exitproc)
c:/intelfpga/18.1/nios2eds/bin/gnu/h-x86_64-mingw32/bin/../lib/gcc/nios2-elf/5.3.0/../../../../../H-x86_64-mingw32/nios2-elf/lib\libsmallc.a(lib_a-__call_atexit.o)
                              c:/intelfpga/18.1/nios2eds/bin/gnu/h-x86_64-mingw32/bin/../lib/gcc/nios2-elf/5.3.0/../../../../../H-x86_64-mingw32/nios2-elf/lib\libsmallc.a(lib_a-exit.o) (__call_exitprocs)
D:/Documents/GitHub_University/cs701/gp-2/software/nios_bsp/\libhal_bsp.a(alt_exit.o)
                              c:/intelfpga/18.1/nios2eds/bin/gnu/h-x86_64-mingw32/bin/../lib/gcc/nios2-elf/5.3.0/../../../../../H-x86_64-mingw32/nios2-elf/lib\libsmallc.a(lib_a-exit.o) (_exit)

Allocating common symbols
Common symbol       size              file

errno               0x4               c:/intelfpga/18.1/nios2eds/bin/gnu/h-x86_64-mingw32/bin/../lib/gcc/nios2-elf/5.3.0/../../../../../H-x86_64-mingw32/nios2-elf/lib\libsmallc.a(lib_a-int_errno.o)

Memory Configuration

Name             Origin             Length             Attributes
reset            0x0000000001020000 0x0000000000000020
onchip_memory    0x0000000001020020 0x000000000001ffe0
*default*        0x0000000000000000 0xffffffffffffffff

Linker script and memory map

LOAD D:/Documents/GitHub_University/cs701/gp-2/software/nios_bsp//obj/HAL/src/crt0.o
LOAD obj/default/nios_reconfig.o
LOAD c:/intelfpga/18.1/nios2eds/bin/gnu/h-x86_64-mingw32/bin/../lib/gcc/nios2-elf/5.3.0/../../../../../H-x86_64-mingw32/nios2-elf/lib\libstdc++.a
LOAD c:/intelfpga/18.1/nios2eds/bin/gnu/h-x86_64-mingw32/bin/../lib/gcc/nios2-elf/5.3.0/../../../../../H-x86_64-mingw32/nios2-elf/lib\libm.a
LOAD c:/intelfpga/18.1/nios2eds/bin/gnu/h-x86_64-mingw32/bin/../lib/gcc/nios2-elf/5.3.0\libgcc.a
START GROUP
LOAD c:/intelfpga/18.1/nios2eds/bin/gnu/h-x86_64-mingw32/bin/../lib/gcc/nios2-elf/5.3.0/../../../../../H-x86_64-mingw32/nios2-elf/lib\libsmallc.a
LOAD c:/intelfpga/18.1/nios2eds/bin/gnu/h-x86_64-mingw32/bin/../lib/gcc/nios2-elf/5.3.0\libgcc.a
LOAD D:/Documents/GitHub_University/cs701/gp-2/software/nios_bsp/\libhal_bsp.a
LOAD c:/intelfpga/18.1/nios2eds/bin/gnu/h-x86_64-mingw32/bin/../lib/gcc/nios2-elf/5.3.0/../../../../../H-x86_64-mingw32/nios2-elf/lib\libm.a
END GROUP
LOAD c:/intelfpga/18.1/nios2eds/bin/gnu/h-x86_64-mingw32/bin/../lib/gcc/nios2-elf/5.3.0\libgcc.a
                0x0000000001020000                __alt_mem_onchip_memory = 0x1020000

.entry          0x0000000001020000       0x20
 *(.entry)
 .entry         0x0000000001020000       0x20 D:/Documents/GitHub_University/cs701/gp-2/software/nios_bsp//obj/HAL/src/crt0.o
                0x0000000001020000                __reset

.exceptions     0x0000000001020020        0x0
                0x0000000001020020                PROVIDE (__ram_exceptions_start, ABSOLUTE (.))
                0x0000000001020020                . = ALIGN (0x20)
 *(.irq)
 *(.exceptions.entry.label)
 *(.exceptions.entry.user)
 *(.exceptions.entry.ecc_fatal)
 *(.exceptions.entry)
 *(.exceptions.irqtest.user)
 *(.exceptions.irqtest)
 *(.exceptions.irqhandler.user)
 *(.exceptions.irqhandler)
 *(.exceptions.irqreturn.user)
 *(.exceptions.irqreturn)
 *(.exceptions.notirq.label)
 *(.exceptions.notirq.user)
 *(.exceptions.notirq)
 *(.exceptions.soft.user)
 *(.exceptions.soft)
 *(.exceptions.unknown.user)
 *(.exceptions.unknown)
 *(.exceptions.exit.label)
 *(.exceptions.exit.user)
 *(.exceptions.exit)
 *(.exceptions)
                0x0000000001020020                PROVIDE (__ram_exceptions_end, ABSOLUTE (.))
                0x0000000001020020                PROVIDE (__flash_exceptions_start, LOADADDR (.exceptions))

.text           0x0000000001020020     0x1da4
                [!provide]                        PROVIDE (stext, ABSOLUTE (.))
 *(.interp)
 *(.hash)
 *(.dynsym)
 *(.dynstr)
 *(.gnu.version)
 *(.gnu.version_d)
 *(.gnu.version_r)
 *(.rel.init)
 *(.rela.init)
 *(.rel.text .rel.text.* .rel.gnu.linkonce.t.*)
 *(.rela.text .rela.text.* .rela.gnu.linkonce.t.*)
 *(.rel.fini)
 *(.rela.fini)
 *(.rel.rodata .rel.rodata.* .rel.gnu.linkonce.r.*)
 *(.rela.rodata .rela.rodata.* .rela.gnu.linkonce.r.*)
 *(.rel.data .rel.data.* .rel.gnu.linkonce.d.*)
 *(.rela.data .rela.data.* .rela.gnu.linkonce.d.*)
 *(.rel.tdata .rel.tdata.* .rel.gnu.linkonce.td.*)
 *(.rela.tdata .rela.tdata.* .rela.gnu.linkonce.td.*)
 *(.rel.tbss .rel.tbss.* .rel.gnu.linkonce.tb.*)
 *(.rela.tbss .rela.tbss.* .rela.gnu.linkonce.tb.*)
 *(.rel.ctors)
 *(.rela.ctors)
 *(.rel.dtors)
 *(.rela.dtors)
 *(.rel.got)
 *(.rela.got)
 *(.rel.sdata .rel.sdata.* .rel.gnu.linkonce.s.*)
 *(.rela.sdata .rela.sdata.* .rela.gnu.linkonce.s.*)
 *(.rel.sbss .rel.sbss.* .rel.gnu.linkonce.sb.*)
 *(.rela.sbss .rela.sbss.* .rela.gnu.linkonce.sb.*)
 *(.rel.sdata2 .rel.sdata2.* .rel.gnu.linkonce.s2.*)
 *(.rela.sdata2 .rela.sdata2.* .rela.gnu.linkonce.s2.*)
 *(.rel.sbss2 .rel.sbss2.* .rel.gnu.linkonce.sb2.*)
 *(.rela.sbss2 .rela.sbss2.* .rela.gnu.linkonce.sb2.*)
 *(.rel.bss .rel.bss.* .rel.gnu.linkonce.b.*)
 *(.rela.bss .rela.bss.* .rela.gnu.linkonce.b.*)
 *(.rel.plt)
 *(.rela.plt)
 *(.rel.dyn)
 *(.init)
 *(.plt)
 *(.text .stub .text.* .gnu.linkonce.t.*)
 .text          0x0000000001020020       0x3c D:/Documents/GitHub_University/cs701/gp-2/software/nios_bsp//obj/HAL/src/crt0.o
                0x0000000001020020                _start
 .text          0x000000000102005c      0x154 obj/default/nios_reconfig.o
                0x00000000010200e0                main
 .text          0x00000000010201b0        0x0 c:/intelfpga/18.1/nios2eds/bin/gnu/h-x86_64-mingw32/bin/../lib/gcc/nios2-elf/5.3.0/../../../../../H-x86_64-mingw32/nios2-elf/lib\libsmallc.a(lib_a-printf.o)
 .text._printf_r
                0x00000000010201b0       0x3c c:/intelfpga/18.1/nios2eds/bin/gnu/h-x86_64-mingw32/bin/../lib/gcc/nios2-elf/5.3.0/../../../../../H-x86_64-mingw32/nios2-elf/lib\libsmallc.a(lib_a-printf.o)
                0x00000000010201b0                _printf_r
 .text.printf   0x00000000010201ec       0x4c c:/intelfpga/18.1/nios2eds/bin/gnu/h-x86_64-mingw32/bin/../lib/gcc/nios2-elf/5.3.0/../../../../../H-x86_64-mingw32/nios2-elf/lib\libsmallc.a(lib_a-printf.o)
                0x00000000010201ec                printf
 .text          0x0000000001020238        0x0 c:/intelfpga/18.1/nios2eds/bin/gnu/h-x86_64-mingw32/bin/../lib/gcc/nios2-elf/5.3.0/../../../../../H-x86_64-mingw32/nios2-elf/lib\libsmallc.a(lib_a-puts.o)
 .text._puts_r  0x0000000001020238       0x80 c:/intelfpga/18.1/nios2eds/bin/gnu/h-x86_64-mingw32/bin/../lib/gcc/nios2-elf/5.3.0/../../../../../H-x86_64-mingw32/nios2-elf/lib\libsmallc.a(lib_a-puts.o)
                0x0000000001020238                _puts_r
 .text.puts     0x00000000010202b8       0x14 c:/intelfpga/18.1/nios2eds/bin/gnu/h-x86_64-mingw32/bin/../lib/gcc/nios2-elf/5.3.0/../../../../../H-x86_64-mingw32/nios2-elf/lib\libsmallc.a(lib_a-puts.o)
                0x00000000010202b8                puts
 .text          0x00000000010202cc        0x0 c:/intelfpga/18.1/nios2eds/bin/gnu/h-x86_64-mingw32/bin/../lib/gcc/nios2-elf/5.3.0/../../../../../H-x86_64-mingw32/nios2-elf/lib\libsmallc.a(lib_a-strlen.o)
 .text.strlen   0x00000000010202cc       0x1c c:/intelfpga/18.1/nios2eds/bin/gnu/h-x86_64-mingw32/bin/../lib/gcc/nios2-elf/5.3.0/../../../../../H-x86_64-mingw32/nios2-elf/lib\libsmallc.a(lib_a-strlen.o)
                0x00000000010202cc                strlen
 .text          0x00000000010202e8        0x0 c:/intelfpga/18.1/nios2eds/bin/gnu/h-x86_64-mingw32/bin/../lib/gcc/nios2-elf/5.3.0/../../../../../H-x86_64-mingw32/nios2-elf/lib\libsmallc.a(lib_a-vfprintf.o)
 .text.print_repeat
                0x00000000010202e8       0x6c c:/intelfpga/18.1/nios2eds/bin/gnu/h-x86_64-mingw32/bin/../lib/gcc/nios2-elf/5.3.0/../../../../../H-x86_64-mingw32/nios2-elf/lib\libsmallc.a(lib_a-vfprintf.o)
 .text.___vfprintf_internal_r
                0x0000000001020354      0x524 c:/intelfpga/18.1/nios2eds/bin/gnu/h-x86_64-mingw32/bin/../lib/gcc/nios2-elf/5.3.0/../../../../../H-x86_64-mingw32/nios2-elf/lib\libsmallc.a(lib_a-vfprintf.o)
                0x0000000001020354                ___vfprintf_internal_r
 .text.__vfprintf_internal
                0x0000000001020878       0x1c c:/intelfpga/18.1/nios2eds/bin/gnu/h-x86_64-mingw32/bin/../lib/gcc/nios2-elf/5.3.0/../../../../../H-x86_64-mingw32/nios2-elf/lib\libsmallc.a(lib_a-vfprintf.o)
                0x0000000001020878                __vfprintf_internal
 .text          0x0000000001020894        0x0 c:/intelfpga/18.1/nios2eds/bin/gnu/h-x86_64-mingw32/bin/../lib/gcc/nios2-elf/5.3.0/../../../../../H-x86_64-mingw32/nios2-elf/lib\libsmallc.a(lib_a-fvwrite_small_dev.o)
 .text.__sfvwrite_small_dev
                0x0000000001020894       0xb8 c:/intelfpga/18.1/nios2eds/bin/gnu/h-x86_64-mingw32/bin/../lib/gcc/nios2-elf/5.3.0/../../../../../H-x86_64-mingw32/nios2-elf/lib\libsmallc.a(lib_a-fvwrite_small_dev.o)
                0x0000000001020894                __sfvwrite_small_dev
 .text          0x000000000102094c        0x0 c:/intelfpga/18.1/nios2eds/bin/gnu/h-x86_64-mingw32/bin/../lib/gcc/nios2-elf/5.3.0/../../../../../H-x86_64-mingw32/nios2-elf/lib\libsmallc.a(lib_a-impure.o)
 .text          0x000000000102094c        0x0 c:/intelfpga/18.1/nios2eds/bin/gnu/h-x86_64-mingw32/bin/../lib/gcc/nios2-elf/5.3.0/../../../../../H-x86_64-mingw32/nios2-elf/lib\libsmallc.a(lib_a-writer.o)
 .text._write_r
                0x000000000102094c       0x58 c:/intelfpga/18.1/nios2eds/bin/gnu/h-x86_64-mingw32/bin/../lib/gcc/nios2-elf/5.3.0/../../../../../H-x86_64-mingw32/nios2-elf/lib\libsmallc.a(lib_a-writer.o)
                0x000000000102094c                _write_r
 .text          0x00000000010209a4        0x0 c:/intelfpga/18.1/nios2eds/bin/gnu/h-x86_64-mingw32/bin/../lib/gcc/nios2-elf/5.3.0/../../../../../H-x86_64-mingw32/nios2-elf/lib\libsmallc.a(lib_a-int_errno.o)
 .text          0x00000000010209a4      0x1b4 c:/intelfpga/18.1/nios2eds/bin/gnu/h-x86_64-mingw32/bin/../lib/gcc/nios2-elf/5.3.0\libgcc.a(lib2-divmod.o)
                0x00000000010209a4                __divsi3
                0x0000000001020a28                __modsi3
                0x0000000001020a9c                __udivsi3
                0x0000000001020b00                __umodsi3
 .text          0x0000000001020b58       0xec D:/Documents/GitHub_University/cs701/gp-2/software/nios_bsp/\libhal_bsp.a(alt_load.o)
                0x0000000001020bc0                alt_load
 .text          0x0000000001020c44       0x7c D:/Documents/GitHub_University/cs701/gp-2/software/nios_bsp/\libhal_bsp.a(alt_main.o)
                0x0000000001020c44                alt_main
 .text          0x0000000001020cc0      0x134 D:/Documents/GitHub_University/cs701/gp-2/software/nios_bsp/\libhal_bsp.a(alt_write.o)
                0x0000000001020cfc                write
 .text          0x0000000001020df4       0xa0 D:/Documents/GitHub_University/cs701/gp-2/software/nios_bsp/\libhal_bsp.a(alt_sys_init.o)
                0x0000000001020e28                alt_irq_init
                0x0000000001020e60                alt_sys_init
 .text          0x0000000001020e94       0xc0 D:/Documents/GitHub_University/cs701/gp-2/software/nios_bsp/\libhal_bsp.a(altera_avalon_jtag_uart_fd.o)
                0x0000000001020e94                altera_avalon_jtag_uart_read_fd
                0x0000000001020ef4                altera_avalon_jtag_uart_write_fd
 .text          0x0000000001020f54       0xec D:/Documents/GitHub_University/cs701/gp-2/software/nios_bsp/\libhal_bsp.a(altera_avalon_jtag_uart_read.o)
                0x0000000001020f54                altera_avalon_jtag_uart_read
 .text          0x0000000001021040       0x94 D:/Documents/GitHub_University/cs701/gp-2/software/nios_bsp/\libhal_bsp.a(altera_avalon_jtag_uart_write.o)
                0x0000000001021040                altera_avalon_jtag_uart_write
 .text          0x00000000010210d4      0x10c D:/Documents/GitHub_University/cs701/gp-2/software/nios_bsp/\libhal_bsp.a(alt_close.o)
                0x0000000001021110                close
 .text          0x00000000010211e0       0x20 D:/Documents/GitHub_University/cs701/gp-2/software/nios_bsp/\libhal_bsp.a(alt_dcache_flush_all.o)
                0x00000000010211e0                alt_dcache_flush_all
 .text          0x0000000001021200       0x2c D:/Documents/GitHub_University/cs701/gp-2/software/nios_bsp/\libhal_bsp.a(alt_dev.o)
 .text          0x000000000102122c       0xe0 D:/Documents/GitHub_University/cs701/gp-2/software/nios_bsp/\libhal_bsp.a(alt_dev_llist_insert.o)
                0x0000000001021268                alt_dev_llist_insert
 .text          0x000000000102130c       0x60 D:/Documents/GitHub_University/cs701/gp-2/software/nios_bsp/\libhal_bsp.a(alt_do_ctors.o)
                0x000000000102130c                _do_ctors
 .text          0x000000000102136c       0x60 D:/Documents/GitHub_University/cs701/gp-2/software/nios_bsp/\libhal_bsp.a(alt_do_dtors.o)
                0x000000000102136c                _do_dtors
 .text          0x00000000010213cc        0x0 D:/Documents/GitHub_University/cs701/gp-2/software/nios_bsp/\libhal_bsp.a(alt_errno.o)
 .text          0x00000000010213cc       0x20 D:/Documents/GitHub_University/cs701/gp-2/software/nios_bsp/\libhal_bsp.a(alt_icache_flush_all.o)
                0x00000000010213cc                alt_icache_flush_all
 .text          0x00000000010213ec      0x140 D:/Documents/GitHub_University/cs701/gp-2/software/nios_bsp/\libhal_bsp.a(alt_io_redirect.o)
                0x00000000010214b0                alt_io_redirect
 .text          0x000000000102152c      0x254 D:/Documents/GitHub_University/cs701/gp-2/software/nios_bsp/\libhal_bsp.a(alt_open.o)
                0x000000000102162c                open
 .text          0x0000000001021780       0x64 D:/Documents/GitHub_University/cs701/gp-2/software/nios_bsp/\libhal_bsp.a(alt_release_fd.o)
                0x0000000001021780                alt_release_fd
 .text          0x00000000010217e4       0x24 D:/Documents/GitHub_University/cs701/gp-2/software/nios_bsp/\libhal_bsp.a(altera_nios2_gen2_irq.o)
                0x00000000010217e4                altera_nios2_gen2_irq_init
 .text          0x0000000001021808       0x90 D:/Documents/GitHub_University/cs701/gp-2/software/nios_bsp/\libhal_bsp.a(alt_find_dev.o)
                0x0000000001021808                alt_find_dev
 .text          0x0000000001021898      0x108 D:/Documents/GitHub_University/cs701/gp-2/software/nios_bsp/\libhal_bsp.a(alt_find_file.o)
                0x0000000001021898                alt_find_file
 .text          0x00000000010219a0       0xa4 D:/Documents/GitHub_University/cs701/gp-2/software/nios_bsp/\libhal_bsp.a(alt_get_fd.o)
                0x00000000010219a0                alt_get_fd
 .text          0x0000000001021a44        0x0 c:/intelfpga/18.1/nios2eds/bin/gnu/h-x86_64-mingw32/bin/../lib/gcc/nios2-elf/5.3.0/../../../../../H-x86_64-mingw32/nios2-elf/lib\libsmallc.a(lib_a-atexit.o)
 .text.atexit   0x0000000001021a44       0x14 c:/intelfpga/18.1/nios2eds/bin/gnu/h-x86_64-mingw32/bin/../lib/gcc/nios2-elf/5.3.0/../../../../../H-x86_64-mingw32/nios2-elf/lib\libsmallc.a(lib_a-atexit.o)
                0x0000000001021a44                atexit
 .text          0x0000000001021a58        0x0 c:/intelfpga/18.1/nios2eds/bin/gnu/h-x86_64-mingw32/bin/../lib/gcc/nios2-elf/5.3.0/../../../../../H-x86_64-mingw32/nios2-elf/lib\libsmallc.a(lib_a-exit.o)
 .text.exit     0x0000000001021a58       0x20 c:/intelfpga/18.1/nios2eds/bin/gnu/h-x86_64-mingw32/bin/../lib/gcc/nios2-elf/5.3.0/../../../../../H-x86_64-mingw32/nios2-elf/lib\libsmallc.a(lib_a-exit.o)
                0x0000000001021a58                exit
 .text          0x0000000001021a78        0x0 c:/intelfpga/18.1/nios2eds/bin/gnu/h-x86_64-mingw32/bin/../lib/gcc/nios2-elf/5.3.0/../../../../../H-x86_64-mingw32/nios2-elf/lib\libsmallc.a(lib_a-memcmp.o)
 .text.memcmp   0x0000000001021a78       0x30 c:/intelfpga/18.1/nios2eds/bin/gnu/h-x86_64-mingw32/bin/../lib/gcc/nios2-elf/5.3.0/../../../../../H-x86_64-mingw32/nios2-elf/lib\libsmallc.a(lib_a-memcmp.o)
                0x0000000001021a78                memcmp
 .text          0x0000000001021aa8        0x0 c:/intelfpga/18.1/nios2eds/bin/gnu/h-x86_64-mingw32/bin/../lib/gcc/nios2-elf/5.3.0/../../../../../H-x86_64-mingw32/nios2-elf/lib\libsmallc.a(lib_a-__atexit.o)
 .text.__register_exitproc
                0x0000000001021aa8      0x158 c:/intelfpga/18.1/nios2eds/bin/gnu/h-x86_64-mingw32/bin/../lib/gcc/nios2-elf/5.3.0/../../../../../H-x86_64-mingw32/nios2-elf/lib\libsmallc.a(lib_a-__atexit.o)
                0x0000000001021aa8                __register_exitproc
 .text          0x0000000001021c00        0x0 c:/intelfpga/18.1/nios2eds/bin/gnu/h-x86_64-mingw32/bin/../lib/gcc/nios2-elf/5.3.0/../../../../../H-x86_64-mingw32/nios2-elf/lib\libsmallc.a(lib_a-__call_atexit.o)
 .text.__call_exitprocs
                0x0000000001021c00      0x190 c:/intelfpga/18.1/nios2eds/bin/gnu/h-x86_64-mingw32/bin/../lib/gcc/nios2-elf/5.3.0/../../../../../H-x86_64-mingw32/nios2-elf/lib\libsmallc.a(lib_a-__call_atexit.o)
                0x0000000001021c00                __call_exitprocs
 .text          0x0000000001021d90       0x34 D:/Documents/GitHub_University/cs701/gp-2/software/nios_bsp/\libhal_bsp.a(alt_exit.o)
                0x0000000001021d90                _exit
 *(.gnu.warning.*)
 *(.fini)
                [!provide]                        PROVIDE (__etext, ABSOLUTE (.))
                [!provide]                        PROVIDE (_etext, ABSOLUTE (.))
                [!provide]                        PROVIDE (etext, ABSOLUTE (.))
 *(.eh_frame_hdr)
                0x0000000001021dc4                . = ALIGN (0x4)
                [!provide]                        PROVIDE (__preinit_array_start, ABSOLUTE (.))
 *(.preinit_array)
                [!provide]                        PROVIDE (__preinit_array_end, ABSOLUTE (.))
                [!provide]                        PROVIDE (__init_array_start, ABSOLUTE (.))
 *(.init_array)
                [!provide]                        PROVIDE (__init_array_end, ABSOLUTE (.))
                [!provide]                        PROVIDE (__fini_array_start, ABSOLUTE (.))
 *(.fini_array)
                [!provide]                        PROVIDE (__fini_array_end, ABSOLUTE (.))
 *(.eh_frame)
 *(.gcc_except_table .gcc_except_table.*)
 *(.dynamic)
                0x0000000001021dc4                PROVIDE (__CTOR_LIST__, ABSOLUTE (.))
 *(.ctors)
 *(SORT(.ctors.*))
                0x0000000001021dc4                PROVIDE (__CTOR_END__, ABSOLUTE (.))
                0x0000000001021dc4                PROVIDE (__DTOR_LIST__, ABSOLUTE (.))
 *(.dtors)
 *(SORT(.dtors.*))
                0x0000000001021dc4                PROVIDE (__DTOR_END__, ABSOLUTE (.))
 *(.jcr)
                0x0000000001021dc4                . = ALIGN (0x4)

.rodata         0x0000000001021dc4       0xc8
                0x0000000001021dc4                PROVIDE (__ram_rodata_start, ABSOLUTE (.))
                0x0000000001021dc4                . = ALIGN (0x4)
 *(.rodata .rodata.* .gnu.linkonce.r.*)
 .rodata        0x0000000001021dc4       0x97 obj/default/nios_reconfig.o
 *fill*         0x0000000001021e5b        0x1 
 .rodata.str1.4
                0x0000000001021e5c        0x4 c:/intelfpga/18.1/nios2eds/bin/gnu/h-x86_64-mingw32/bin/../lib/gcc/nios2-elf/5.3.0/../../../../../H-x86_64-mingw32/nios2-elf/lib\libsmallc.a(lib_a-puts.o)
                                          0x2 (size before relaxing)
 .rodata        0x0000000001021e60        0xf D:/Documents/GitHub_University/cs701/gp-2/software/nios_bsp/\libhal_bsp.a(alt_main.o)
 *fill*         0x0000000001021e6f        0x1 
 .rodata        0x0000000001021e70        0xf D:/Documents/GitHub_University/cs701/gp-2/software/nios_bsp/\libhal_bsp.a(alt_sys_init.o)
 *fill*         0x0000000001021e7f        0x1 
 .rodata        0x0000000001021e80        0xa D:/Documents/GitHub_University/cs701/gp-2/software/nios_bsp/\libhal_bsp.a(alt_dev.o)
 *(.rodata1)
                0x0000000001021e8c                . = ALIGN (0x4)
 *fill*         0x0000000001021e8a        0x2 
                0x0000000001021e8c                PROVIDE (__ram_rodata_end, ABSOLUTE (.))
                0x0000000001021dc4                PROVIDE (__flash_rodata_start, LOADADDR (.rodata))

.rwdata         0x0000000001021e8c      0x2d4 load address 0x0000000001022160
                0x0000000001021e8c                PROVIDE (__ram_rwdata_start, ABSOLUTE (.))
                0x0000000001021e8c                . = ALIGN (0x4)
 *(.got.plt)
 *(.got)
 *(.data1)
 *(.data .data.* .gnu.linkonce.d.*)
 .data          0x0000000001021e8c        0x0 D:/Documents/GitHub_University/cs701/gp-2/software/nios_bsp//obj/HAL/src/crt0.o
 .data          0x0000000001021e8c        0x0 obj/default/nios_reconfig.o
 .data          0x0000000001021e8c        0x0 c:/intelfpga/18.1/nios2eds/bin/gnu/h-x86_64-mingw32/bin/../lib/gcc/nios2-elf/5.3.0/../../../../../H-x86_64-mingw32/nios2-elf/lib\libsmallc.a(lib_a-printf.o)
 .data          0x0000000001021e8c        0x0 c:/intelfpga/18.1/nios2eds/bin/gnu/h-x86_64-mingw32/bin/../lib/gcc/nios2-elf/5.3.0/../../../../../H-x86_64-mingw32/nios2-elf/lib\libsmallc.a(lib_a-puts.o)
 .data          0x0000000001021e8c        0x0 c:/intelfpga/18.1/nios2eds/bin/gnu/h-x86_64-mingw32/bin/../lib/gcc/nios2-elf/5.3.0/../../../../../H-x86_64-mingw32/nios2-elf/lib\libsmallc.a(lib_a-strlen.o)
 .data          0x0000000001021e8c        0x0 c:/intelfpga/18.1/nios2eds/bin/gnu/h-x86_64-mingw32/bin/../lib/gcc/nios2-elf/5.3.0/../../../../../H-x86_64-mingw32/nios2-elf/lib\libsmallc.a(lib_a-vfprintf.o)
 .data          0x0000000001021e8c        0x0 c:/intelfpga/18.1/nios2eds/bin/gnu/h-x86_64-mingw32/bin/../lib/gcc/nios2-elf/5.3.0/../../../../../H-x86_64-mingw32/nios2-elf/lib\libsmallc.a(lib_a-fvwrite_small_dev.o)
 .data          0x0000000001021e8c        0x0 c:/intelfpga/18.1/nios2eds/bin/gnu/h-x86_64-mingw32/bin/../lib/gcc/nios2-elf/5.3.0/../../../../../H-x86_64-mingw32/nios2-elf/lib\libsmallc.a(lib_a-impure.o)
 .data.impure_data
                0x0000000001021e8c       0xe0 c:/intelfpga/18.1/nios2eds/bin/gnu/h-x86_64-mingw32/bin/../lib/gcc/nios2-elf/5.3.0/../../../../../H-x86_64-mingw32/nios2-elf/lib\libsmallc.a(lib_a-impure.o)
 .data          0x0000000001021f6c        0x0 c:/intelfpga/18.1/nios2eds/bin/gnu/h-x86_64-mingw32/bin/../lib/gcc/nios2-elf/5.3.0/../../../../../H-x86_64-mingw32/nios2-elf/lib\libsmallc.a(lib_a-writer.o)
 .data          0x0000000001021f6c        0x0 c:/intelfpga/18.1/nios2eds/bin/gnu/h-x86_64-mingw32/bin/../lib/gcc/nios2-elf/5.3.0/../../../../../H-x86_64-mingw32/nios2-elf/lib\libsmallc.a(lib_a-int_errno.o)
 .data          0x0000000001021f6c        0x0 c:/intelfpga/18.1/nios2eds/bin/gnu/h-x86_64-mingw32/bin/../lib/gcc/nios2-elf/5.3.0\libgcc.a(lib2-divmod.o)
 .data          0x0000000001021f6c        0x0 D:/Documents/GitHub_University/cs701/gp-2/software/nios_bsp/\libhal_bsp.a(alt_load.o)
 .data          0x0000000001021f6c        0x0 D:/Documents/GitHub_University/cs701/gp-2/software/nios_bsp/\libhal_bsp.a(alt_main.o)
 .data          0x0000000001021f6c        0x0 D:/Documents/GitHub_University/cs701/gp-2/software/nios_bsp/\libhal_bsp.a(alt_write.o)
 .data          0x0000000001021f6c       0x2c D:/Documents/GitHub_University/cs701/gp-2/software/nios_bsp/\libhal_bsp.a(alt_sys_init.o)
 .data          0x0000000001021f98        0x0 D:/Documents/GitHub_University/cs701/gp-2/software/nios_bsp/\libhal_bsp.a(altera_avalon_jtag_uart_fd.o)
 .data          0x0000000001021f98        0x0 D:/Documents/GitHub_University/cs701/gp-2/software/nios_bsp/\libhal_bsp.a(altera_avalon_jtag_uart_read.o)
 .data          0x0000000001021f98        0x0 D:/Documents/GitHub_University/cs701/gp-2/software/nios_bsp/\libhal_bsp.a(altera_avalon_jtag_uart_write.o)
 .data          0x0000000001021f98        0x0 D:/Documents/GitHub_University/cs701/gp-2/software/nios_bsp/\libhal_bsp.a(alt_close.o)
 .data          0x0000000001021f98        0x0 D:/Documents/GitHub_University/cs701/gp-2/software/nios_bsp/\libhal_bsp.a(alt_dcache_flush_all.o)
 .data          0x0000000001021f98      0x1a8 D:/Documents/GitHub_University/cs701/gp-2/software/nios_bsp/\libhal_bsp.a(alt_dev.o)
                0x0000000001021f98                alt_dev_null
                0x0000000001021fc0                alt_fd_list
 .data          0x0000000001022140        0x0 D:/Documents/GitHub_University/cs701/gp-2/software/nios_bsp/\libhal_bsp.a(alt_dev_llist_insert.o)
 .data          0x0000000001022140        0x0 D:/Documents/GitHub_University/cs701/gp-2/software/nios_bsp/\libhal_bsp.a(alt_do_ctors.o)
 .data          0x0000000001022140        0x0 D:/Documents/GitHub_University/cs701/gp-2/software/nios_bsp/\libhal_bsp.a(alt_do_dtors.o)
 .data          0x0000000001022140        0x0 D:/Documents/GitHub_University/cs701/gp-2/software/nios_bsp/\libhal_bsp.a(alt_errno.o)
 .data          0x0000000001022140        0x0 D:/Documents/GitHub_University/cs701/gp-2/software/nios_bsp/\libhal_bsp.a(alt_icache_flush_all.o)
 .data          0x0000000001022140        0x0 D:/Documents/GitHub_University/cs701/gp-2/software/nios_bsp/\libhal_bsp.a(alt_io_redirect.o)
 .data          0x0000000001022140        0x0 D:/Documents/GitHub_University/cs701/gp-2/software/nios_bsp/\libhal_bsp.a(alt_open.o)
 .data          0x0000000001022140        0x0 D:/Documents/GitHub_University/cs701/gp-2/software/nios_bsp/\libhal_bsp.a(alt_release_fd.o)
 .data          0x0000000001022140        0x0 D:/Documents/GitHub_University/cs701/gp-2/software/nios_bsp/\libhal_bsp.a(altera_nios2_gen2_irq.o)
 .data          0x0000000001022140        0x0 D:/Documents/GitHub_University/cs701/gp-2/software/nios_bsp/\libhal_bsp.a(alt_find_dev.o)
 .data          0x0000000001022140        0x0 D:/Documents/GitHub_University/cs701/gp-2/software/nios_bsp/\libhal_bsp.a(alt_find_file.o)
 .data          0x0000000001022140        0x0 D:/Documents/GitHub_University/cs701/gp-2/software/nios_bsp/\libhal_bsp.a(alt_get_fd.o)
 .data          0x0000000001022140        0x0 c:/intelfpga/18.1/nios2eds/bin/gnu/h-x86_64-mingw32/bin/../lib/gcc/nios2-elf/5.3.0/../../../../../H-x86_64-mingw32/nios2-elf/lib\libsmallc.a(lib_a-atexit.o)
 .data          0x0000000001022140        0x0 c:/intelfpga/18.1/nios2eds/bin/gnu/h-x86_64-mingw32/bin/../lib/gcc/nios2-elf/5.3.0/../../../../../H-x86_64-mingw32/nios2-elf/lib\libsmallc.a(lib_a-exit.o)
 .data          0x0000000001022140        0x0 c:/intelfpga/18.1/nios2eds/bin/gnu/h-x86_64-mingw32/bin/../lib/gcc/nios2-elf/5.3.0/../../../../../H-x86_64-mingw32/nios2-elf/lib\libsmallc.a(lib_a-memcmp.o)
 .data          0x0000000001022140        0x0 c:/intelfpga/18.1/nios2eds/bin/gnu/h-x86_64-mingw32/bin/../lib/gcc/nios2-elf/5.3.0/../../../../../H-x86_64-mingw32/nios2-elf/lib\libsmallc.a(lib_a-__atexit.o)
 .data          0x0000000001022140        0x0 c:/intelfpga/18.1/nios2eds/bin/gnu/h-x86_64-mingw32/bin/../lib/gcc/nios2-elf/5.3.0/../../../../../H-x86_64-mingw32/nios2-elf/lib\libsmallc.a(lib_a-__call_atexit.o)
 .data          0x0000000001022140        0x0 D:/Documents/GitHub_University/cs701/gp-2/software/nios_bsp/\libhal_bsp.a(alt_exit.o)
                0x000000000102a140                _gp = ABSOLUTE ((. + 0x8000))
                [!provide]                        PROVIDE (gp, _gp)
 *(.rwdata .rwdata.*)
 *(.sdata .sdata.* .gnu.linkonce.s.*)
 .sdata._global_impure_ptr
                0x0000000001022140        0x4 c:/intelfpga/18.1/nios2eds/bin/gnu/h-x86_64-mingw32/bin/../lib/gcc/nios2-elf/5.3.0/../../../../../H-x86_64-mingw32/nios2-elf/lib\libsmallc.a(lib_a-impure.o)
                0x0000000001022140                _global_impure_ptr
 .sdata._impure_ptr
                0x0000000001022144        0x4 c:/intelfpga/18.1/nios2eds/bin/gnu/h-x86_64-mingw32/bin/../lib/gcc/nios2-elf/5.3.0/../../../../../H-x86_64-mingw32/nios2-elf/lib\libsmallc.a(lib_a-impure.o)
                0x0000000001022144                _impure_ptr
 .sdata         0x0000000001022148       0x14 D:/Documents/GitHub_University/cs701/gp-2/software/nios_bsp/\libhal_bsp.a(alt_dev.o)
                0x0000000001022148                alt_fs_list
                0x0000000001022150                alt_dev_list
                0x0000000001022158                alt_max_fd
 .sdata         0x000000000102215c        0x4 D:/Documents/GitHub_University/cs701/gp-2/software/nios_bsp/\libhal_bsp.a(alt_errno.o)
                0x000000000102215c                alt_errno
 *(.sdata2 .sdata2.* .gnu.linkonce.s2.*)
                0x0000000001022160                . = ALIGN (0x4)
                0x0000000001022160                _edata = ABSOLUTE (.)
                [!provide]                        PROVIDE (edata, ABSOLUTE (.))
                0x0000000001022160                PROVIDE (__ram_rwdata_end, ABSOLUTE (.))
                0x0000000001022160                PROVIDE (__flash_rwdata_start, LOADADDR (.rwdata))

.bss            0x0000000001022434       0x10
                0x0000000001022434                __bss_start = ABSOLUTE (.)
                [!provide]                        PROVIDE (__sbss_start, ABSOLUTE (.))
                [!provide]                        PROVIDE (___sbss_start, ABSOLUTE (.))
 *(.dynsbss)
 *(.sbss .sbss.* .gnu.linkonce.sb.*)
 .sbss          0x0000000001022434        0x4 c:/intelfpga/18.1/nios2eds/bin/gnu/h-x86_64-mingw32/bin/../lib/gcc/nios2-elf/5.3.0/../../../../../H-x86_64-mingw32/nios2-elf/lib\libsmallc.a(lib_a-int_errno.o)
                0x0000000001022434                errno
 .sbss          0x0000000001022438        0xc D:/Documents/GitHub_University/cs701/gp-2/software/nios_bsp/\libhal_bsp.a(alt_main.o)
                0x0000000001022438                alt_argc
                0x000000000102243c                alt_argv
                0x0000000001022440                alt_envp
 *(.sbss2 .sbss2.* .gnu.linkonce.sb2.*)
 *(.scommon)
                [!provide]                        PROVIDE (__sbss_end, ABSOLUTE (.))
                [!provide]                        PROVIDE (___sbss_end, ABSOLUTE (.))
 *(.dynbss)
 *(.bss .bss.* .gnu.linkonce.b.*)
 .bss           0x0000000001022444        0x0 D:/Documents/GitHub_University/cs701/gp-2/software/nios_bsp//obj/HAL/src/crt0.o
 .bss           0x0000000001022444        0x0 obj/default/nios_reconfig.o
 .bss           0x0000000001022444        0x0 c:/intelfpga/18.1/nios2eds/bin/gnu/h-x86_64-mingw32/bin/../lib/gcc/nios2-elf/5.3.0/../../../../../H-x86_64-mingw32/nios2-elf/lib\libsmallc.a(lib_a-printf.o)
 .bss           0x0000000001022444        0x0 c:/intelfpga/18.1/nios2eds/bin/gnu/h-x86_64-mingw32/bin/../lib/gcc/nios2-elf/5.3.0/../../../../../H-x86_64-mingw32/nios2-elf/lib\libsmallc.a(lib_a-puts.o)
 .bss           0x0000000001022444        0x0 c:/intelfpga/18.1/nios2eds/bin/gnu/h-x86_64-mingw32/bin/../lib/gcc/nios2-elf/5.3.0/../../../../../H-x86_64-mingw32/nios2-elf/lib\libsmallc.a(lib_a-strlen.o)
 .bss           0x0000000001022444        0x0 c:/intelfpga/18.1/nios2eds/bin/gnu/h-x86_64-mingw32/bin/../lib/gcc/nios2-elf/5.3.0/../../../../../H-x86_64-mingw32/nios2-elf/lib\libsmallc.a(lib_a-vfprintf.o)
 .bss           0x0000000001022444        0x0 c:/intelfpga/18.1/nios2eds/bin/gnu/h-x86_64-mingw32/bin/../lib/gcc/nios2-elf/5.3.0/../../../../../H-x86_64-mingw32/nios2-elf/lib\libsmallc.a(lib_a-fvwrite_small_dev.o)
 .bss           0x0000000001022444        0x0 c:/intelfpga/18.1/nios2eds/bin/gnu/h-x86_64-mingw32/bin/../lib/gcc/nios2-elf/5.3.0/../../../../../H-x86_64-mingw32/nios2-elf/lib\libsmallc.a(lib_a-impure.o)
 .bss           0x0000000001022444        0x0 c:/intelfpga/18.1/nios2eds/bin/gnu/h-x86_64-mingw32/bin/../lib/gcc/nios2-elf/5.3.0/../../../../../H-x86_64-mingw32/nios2-elf/lib\libsmallc.a(lib_a-writer.o)
 .bss           0x0000000001022444        0x0 c:/intelfpga/18.1/nios2eds/bin/gnu/h-x86_64-mingw32/bin/../lib/gcc/nios2-elf/5.3.0/../../../../../H-x86_64-mingw32/nios2-elf/lib\libsmallc.a(lib_a-int_errno.o)
 .bss           0x0000000001022444        0x0 c:/intelfpga/18.1/nios2eds/bin/gnu/h-x86_64-mingw32/bin/../lib/gcc/nios2-elf/5.3.0\libgcc.a(lib2-divmod.o)
 .bss           0x0000000001022444        0x0 D:/Documents/GitHub_University/cs701/gp-2/software/nios_bsp/\libhal_bsp.a(alt_load.o)
 .bss           0x0000000001022444        0x0 D:/Documents/GitHub_University/cs701/gp-2/software/nios_bsp/\libhal_bsp.a(alt_main.o)
 .bss           0x0000000001022444        0x0 D:/Documents/GitHub_University/cs701/gp-2/software/nios_bsp/\libhal_bsp.a(alt_write.o)
 .bss           0x0000000001022444        0x0 D:/Documents/GitHub_University/cs701/gp-2/software/nios_bsp/\libhal_bsp.a(alt_sys_init.o)
 .bss           0x0000000001022444        0x0 D:/Documents/GitHub_University/cs701/gp-2/software/nios_bsp/\libhal_bsp.a(altera_avalon_jtag_uart_fd.o)
 .bss           0x0000000001022444        0x0 D:/Documents/GitHub_University/cs701/gp-2/software/nios_bsp/\libhal_bsp.a(altera_avalon_jtag_uart_read.o)
 .bss           0x0000000001022444        0x0 D:/Documents/GitHub_University/cs701/gp-2/software/nios_bsp/\libhal_bsp.a(altera_avalon_jtag_uart_write.o)
 .bss           0x0000000001022444        0x0 D:/Documents/GitHub_University/cs701/gp-2/software/nios_bsp/\libhal_bsp.a(alt_close.o)
 .bss           0x0000000001022444        0x0 D:/Documents/GitHub_University/cs701/gp-2/software/nios_bsp/\libhal_bsp.a(alt_dcache_flush_all.o)
 .bss           0x0000000001022444        0x0 D:/Documents/GitHub_University/cs701/gp-2/software/nios_bsp/\libhal_bsp.a(alt_dev.o)
 .bss           0x0000000001022444        0x0 D:/Documents/GitHub_University/cs701/gp-2/software/nios_bsp/\libhal_bsp.a(alt_dev_llist_insert.o)
 .bss           0x0000000001022444        0x0 D:/Documents/GitHub_University/cs701/gp-2/software/nios_bsp/\libhal_bsp.a(alt_do_ctors.o)
 .bss           0x0000000001022444        0x0 D:/Documents/GitHub_University/cs701/gp-2/software/nios_bsp/\libhal_bsp.a(alt_do_dtors.o)
 .bss           0x0000000001022444        0x0 D:/Documents/GitHub_University/cs701/gp-2/software/nios_bsp/\libhal_bsp.a(alt_errno.o)
 .bss           0x0000000001022444        0x0 D:/Documents/GitHub_University/cs701/gp-2/software/nios_bsp/\libhal_bsp.a(alt_icache_flush_all.o)
 .bss           0x0000000001022444        0x0 D:/Documents/GitHub_University/cs701/gp-2/software/nios_bsp/\libhal_bsp.a(alt_io_redirect.o)
 .bss           0x0000000001022444        0x0 D:/Documents/GitHub_University/cs701/gp-2/software/nios_bsp/\libhal_bsp.a(alt_open.o)
 .bss           0x0000000001022444        0x0 D:/Documents/GitHub_University/cs701/gp-2/software/nios_bsp/\libhal_bsp.a(alt_release_fd.o)
 .bss           0x0000000001022444        0x0 D:/Documents/GitHub_University/cs701/gp-2/software/nios_bsp/\libhal_bsp.a(altera_nios2_gen2_irq.o)
 .bss           0x0000000001022444        0x0 D:/Documents/GitHub_University/cs701/gp-2/software/nios_bsp/\libhal_bsp.a(alt_find_dev.o)
 .bss           0x0000000001022444        0x0 D:/Documents/GitHub_University/cs701/gp-2/software/nios_bsp/\libhal_bsp.a(alt_find_file.o)
 .bss           0x0000000001022444        0x0 D:/Documents/GitHub_University/cs701/gp-2/software/nios_bsp/\libhal_bsp.a(alt_get_fd.o)
 .bss           0x0000000001022444        0x0 c:/intelfpga/18.1/nios2eds/bin/gnu/h-x86_64-mingw32/bin/../lib/gcc/nios2-elf/5.3.0/../../../../../H-x86_64-mingw32/nios2-elf/lib\libsmallc.a(lib_a-atexit.o)
 .bss           0x0000000001022444        0x0 c:/intelfpga/18.1/nios2eds/bin/gnu/h-x86_64-mingw32/bin/../lib/gcc/nios2-elf/5.3.0/../../../../../H-x86_64-mingw32/nios2-elf/lib\libsmallc.a(lib_a-exit.o)
 .bss           0x0000000001022444        0x0 c:/intelfpga/18.1/nios2eds/bin/gnu/h-x86_64-mingw32/bin/../lib/gcc/nios2-elf/5.3.0/../../../../../H-x86_64-mingw32/nios2-elf/lib\libsmallc.a(lib_a-memcmp.o)
 .bss           0x0000000001022444        0x0 c:/intelfpga/18.1/nios2eds/bin/gnu/h-x86_64-mingw32/bin/../lib/gcc/nios2-elf/5.3.0/../../../../../H-x86_64-mingw32/nios2-elf/lib\libsmallc.a(lib_a-__atexit.o)
 .bss           0x0000000001022444        0x0 c:/intelfpga/18.1/nios2eds/bin/gnu/h-x86_64-mingw32/bin/../lib/gcc/nios2-elf/5.3.0/../../../../../H-x86_64-mingw32/nios2-elf/lib\libsmallc.a(lib_a-__call_atexit.o)
 .bss           0x0000000001022444        0x0 D:/Documents/GitHub_University/cs701/gp-2/software/nios_bsp/\libhal_bsp.a(alt_exit.o)
 *(COMMON)
                0x0000000001022444                . = ALIGN (0x4)
                0x0000000001022444                __bss_end = ABSOLUTE (.)

.onchip_memory  0x0000000001022444        0x0
                [!provide]                        PROVIDE (_alt_partition_onchip_memory_start, ABSOLUTE (.))
 *(.onchip_memory .onchip_memory. onchip_memory.*)
                0x0000000001022444                . = ALIGN (0x4)
                [!provide]                        PROVIDE (_alt_partition_onchip_memory_end, ABSOLUTE (.))
                0x0000000001022444                _end = ABSOLUTE (.)
                0x0000000001022444                end = ABSOLUTE (.)
                0x0000000001022444                __alt_stack_base = ABSOLUTE (.)
                [!provide]                        PROVIDE (_alt_partition_onchip_memory_load_addr, LOADADDR (.onchip_memory))

.stab
 *(.stab)

.stabstr
 *(.stabstr)

.stab.excl
 *(.stab.excl)

.stab.exclstr
 *(.stab.exclstr)

.stab.index
 *(.stab.index)

.stab.indexstr
 *(.stab.indexstr)

.comment        0x0000000000000000       0x23
 *(.comment)
 .comment       0x0000000000000000       0x23 obj/default/nios_reconfig.o
                                         0x24 (size before relaxing)
 .comment       0x0000000000000023       0x24 c:/intelfpga/18.1/nios2eds/bin/gnu/h-x86_64-mingw32/bin/../lib/gcc/nios2-elf/5.3.0/../../../../../H-x86_64-mingw32/nios2-elf/lib\libsmallc.a(lib_a-printf.o)
 .comment       0x0000000000000023       0x24 c:/intelfpga/18.1/nios2eds/bin/gnu/h-x86_64-mingw32/bin/../lib/gcc/nios2-elf/5.3.0/../../../../../H-x86_64-mingw32/nios2-elf/lib\libsmallc.a(lib_a-puts.o)
 .comment       0x0000000000000023       0x24 c:/intelfpga/18.1/nios2eds/bin/gnu/h-x86_64-mingw32/bin/../lib/gcc/nios2-elf/5.3.0/../../../../../H-x86_64-mingw32/nios2-elf/lib\libsmallc.a(lib_a-strlen.o)
 .comment       0x0000000000000023       0x24 c:/intelfpga/18.1/nios2eds/bin/gnu/h-x86_64-mingw32/bin/../lib/gcc/nios2-elf/5.3.0/../../../../../H-x86_64-mingw32/nios2-elf/lib\libsmallc.a(lib_a-vfprintf.o)
 .comment       0x0000000000000023       0x24 c:/intelfpga/18.1/nios2eds/bin/gnu/h-x86_64-mingw32/bin/../lib/gcc/nios2-elf/5.3.0/../../../../../H-x86_64-mingw32/nios2-elf/lib\libsmallc.a(lib_a-fvwrite_small_dev.o)
 .comment       0x0000000000000023       0x24 c:/intelfpga/18.1/nios2eds/bin/gnu/h-x86_64-mingw32/bin/../lib/gcc/nios2-elf/5.3.0/../../../../../H-x86_64-mingw32/nios2-elf/lib\libsmallc.a(lib_a-impure.o)
 .comment       0x0000000000000023       0x24 c:/intelfpga/18.1/nios2eds/bin/gnu/h-x86_64-mingw32/bin/../lib/gcc/nios2-elf/5.3.0/../../../../../H-x86_64-mingw32/nios2-elf/lib\libsmallc.a(lib_a-writer.o)
 .comment       0x0000000000000023       0x24 c:/intelfpga/18.1/nios2eds/bin/gnu/h-x86_64-mingw32/bin/../lib/gcc/nios2-elf/5.3.0/../../../../../H-x86_64-mingw32/nios2-elf/lib\libsmallc.a(lib_a-int_errno.o)
 .comment       0x0000000000000023       0x24 c:/intelfpga/18.1/nios2eds/bin/gnu/h-x86_64-mingw32/bin/../lib/gcc/nios2-elf/5.3.0\libgcc.a(lib2-divmod.o)
 .comment       0x0000000000000023       0x24 D:/Documents/GitHub_University/cs701/gp-2/software/nios_bsp/\libhal_bsp.a(alt_load.o)
 .comment       0x0000000000000023       0x24 D:/Documents/GitHub_University/cs701/gp-2/software/nios_bsp/\libhal_bsp.a(alt_main.o)
 .comment       0x0000000000000023       0x24 D:/Documents/GitHub_University/cs701/gp-2/software/nios_bsp/\libhal_bsp.a(alt_write.o)
 .comment       0x0000000000000023       0x24 D:/Documents/GitHub_University/cs701/gp-2/software/nios_bsp/\libhal_bsp.a(alt_sys_init.o)
 .comment       0x0000000000000023       0x24 D:/Documents/GitHub_University/cs701/gp-2/software/nios_bsp/\libhal_bsp.a(altera_avalon_jtag_uart_fd.o)
 .comment       0x0000000000000023       0x24 D:/Documents/GitHub_University/cs701/gp-2/software/nios_bsp/\libhal_bsp.a(altera_avalon_jtag_uart_read.o)
 .comment       0x0000000000000023       0x24 D:/Documents/GitHub_University/cs701/gp-2/software/nios_bsp/\libhal_bsp.a(altera_avalon_jtag_uart_write.o)
 .comment       0x0000000000000023       0x24 D:/Documents/GitHub_University/cs701/gp-2/software/nios_bsp/\libhal_bsp.a(alt_close.o)
 .comment       0x0000000000000023       0x24 D:/Documents/GitHub_University/cs701/gp-2/software/nios_bsp/\libhal_bsp.a(alt_dcache_flush_all.o)
 .comment       0x0000000000000023       0x24 D:/Documents/GitHub_University/cs701/gp-2/software/nios_bsp/\libhal_bsp.a(alt_dev.o)
 .comment       0x0000000000000023       0x24 D:/Documents/GitHub_University/cs701/gp-2/software/nios_bsp/\libhal_bsp.a(alt_dev_llist_insert.o)
 .comment       0x0000000000000023       0x24 D:/Documents/GitHub_University/cs701/gp-2/software/nios_bsp/\libhal_bsp.a(alt_do_ctors.o)
 .comment       0x0000000000000023       0x24 D:/Documents/GitHub_University/cs701/gp-2/software/nios_bsp/\libhal_bsp.a(alt_do_dtors.o)
 .comment       0x0000000000000023       0x24 D:/Documents/GitHub_University/cs701/gp-2/software/nios_bsp/\libhal_bsp.a(alt_errno.o)
 .comment       0x0000000000000023       0x24 D:/Documents/GitHub_University/cs701/gp-2/software/nios_bsp/\libhal_bsp.a(alt_icache_flush_all.o)
 .comment       0x0000000000000023       0x24 D:/Documents/GitHub_University/cs701/gp-2/software/nios_bsp/\libhal_bsp.a(alt_io_redirect.o)
 .comment       0x0000000000000023       0x24 D:/Documents/GitHub_University/cs701/gp-2/software/nios_bsp/\libhal_bsp.a(alt_open.o)
 .comment       0x0000000000000023       0x24 D:/Documents/GitHub_University/cs701/gp-2/software/nios_bsp/\libhal_bsp.a(alt_release_fd.o)
 .comment       0x0000000000000023       0x24 D:/Documents/GitHub_University/cs701/gp-2/software/nios_bsp/\libhal_bsp.a(altera_nios2_gen2_irq.o)
 .comment       0x0000000000000023       0x24 D:/Documents/GitHub_University/cs701/gp-2/software/nios_bsp/\libhal_bsp.a(alt_find_dev.o)
 .comment       0x0000000000000023       0x24 D:/Documents/GitHub_University/cs701/gp-2/software/nios_bsp/\libhal_bsp.a(alt_find_file.o)
 .comment       0x0000000000000023       0x24 D:/Documents/GitHub_University/cs701/gp-2/software/nios_bsp/\libhal_bsp.a(alt_get_fd.o)
 .comment       0x0000000000000023       0x24 c:/intelfpga/18.1/nios2eds/bin/gnu/h-x86_64-mingw32/bin/../lib/gcc/nios2-elf/5.3.0/../../../../../H-x86_64-mingw32/nios2-elf/lib\libsmallc.a(lib_a-atexit.o)
 .comment       0x0000000000000023       0x24 c:/intelfpga/18.1/nios2eds/bin/gnu/h-x86_64-mingw32/bin/../lib/gcc/nios2-elf/5.3.0/../../../../../H-x86_64-mingw32/nios2-elf/lib\libsmallc.a(lib_a-exit.o)
 .comment       0x0000000000000023       0x24 c:/intelfpga/18.1/nios2eds/bin/gnu/h-x86_64-mingw32/bin/../lib/gcc/nios2-elf/5.3.0/../../../../../H-x86_64-mingw32/nios2-elf/lib\libsmallc.a(lib_a-memcmp.o)
 .comment       0x0000000000000023       0x24 c:/intelfpga/18.1/nios2eds/bin/gnu/h-x86_64-mingw32/bin/../lib/gcc/nios2-elf/5.3.0/../../../../../H-x86_64-mingw32/nios2-elf/lib\libsmallc.a(lib_a-__atexit.o)
 .comment       0x0000000000000023       0x24 c:/intelfpga/18.1/nios2eds/bin/gnu/h-x86_64-mingw32/bin/../lib/gcc/nios2-elf/5.3.0/../../../../../H-x86_64-mingw32/nios2-elf/lib\libsmallc.a(lib_a-__call_atexit.o)
 .comment       0x0000000000000023       0x24 D:/Documents/GitHub_University/cs701/gp-2/software/nios_bsp/\libhal_bsp.a(alt_exit.o)

.debug
 *(.debug)

.line
 *(.line)

.debug_srcinfo
 *(.debug_srcinfo)

.debug_sfnames
 *(.debug_sfnames)

.debug_aranges  0x0000000000000000      0x4f0
 *(.debug_aranges)
 .debug_aranges
                0x0000000000000000       0x28 D:/Documents/GitHub_University/cs701/gp-2/software/nios_bsp//obj/HAL/src/crt0.o
 .debug_aranges
                0x0000000000000028       0x20 obj/default/nios_reconfig.o
 .debug_aranges
                0x0000000000000048       0x28 c:/intelfpga/18.1/nios2eds/bin/gnu/h-x86_64-mingw32/bin/../lib/gcc/nios2-elf/5.3.0/../../../../../H-x86_64-mingw32/nios2-elf/lib\libsmallc.a(lib_a-printf.o)
 .debug_aranges
                0x0000000000000070       0x28 c:/intelfpga/18.1/nios2eds/bin/gnu/h-x86_64-mingw32/bin/../lib/gcc/nios2-elf/5.3.0/../../../../../H-x86_64-mingw32/nios2-elf/lib\libsmallc.a(lib_a-puts.o)
 .debug_aranges
                0x0000000000000098       0x20 c:/intelfpga/18.1/nios2eds/bin/gnu/h-x86_64-mingw32/bin/../lib/gcc/nios2-elf/5.3.0/../../../../../H-x86_64-mingw32/nios2-elf/lib\libsmallc.a(lib_a-strlen.o)
 .debug_aranges
                0x00000000000000b8       0x30 c:/intelfpga/18.1/nios2eds/bin/gnu/h-x86_64-mingw32/bin/../lib/gcc/nios2-elf/5.3.0/../../../../../H-x86_64-mingw32/nios2-elf/lib\libsmallc.a(lib_a-vfprintf.o)
 .debug_aranges
                0x00000000000000e8       0x20 c:/intelfpga/18.1/nios2eds/bin/gnu/h-x86_64-mingw32/bin/../lib/gcc/nios2-elf/5.3.0/../../../../../H-x86_64-mingw32/nios2-elf/lib\libsmallc.a(lib_a-fvwrite_small_dev.o)
 .debug_aranges
                0x0000000000000108       0x18 c:/intelfpga/18.1/nios2eds/bin/gnu/h-x86_64-mingw32/bin/../lib/gcc/nios2-elf/5.3.0/../../../../../H-x86_64-mingw32/nios2-elf/lib\libsmallc.a(lib_a-impure.o)
 .debug_aranges
                0x0000000000000120       0x20 c:/intelfpga/18.1/nios2eds/bin/gnu/h-x86_64-mingw32/bin/../lib/gcc/nios2-elf/5.3.0/../../../../../H-x86_64-mingw32/nios2-elf/lib\libsmallc.a(lib_a-writer.o)
 .debug_aranges
                0x0000000000000140       0x18 c:/intelfpga/18.1/nios2eds/bin/gnu/h-x86_64-mingw32/bin/../lib/gcc/nios2-elf/5.3.0/../../../../../H-x86_64-mingw32/nios2-elf/lib\libsmallc.a(lib_a-int_errno.o)
 .debug_aranges
                0x0000000000000158       0x20 c:/intelfpga/18.1/nios2eds/bin/gnu/h-x86_64-mingw32/bin/../lib/gcc/nios2-elf/5.3.0\libgcc.a(lib2-divmod.o)
 .debug_aranges
                0x0000000000000178       0x20 D:/Documents/GitHub_University/cs701/gp-2/software/nios_bsp/\libhal_bsp.a(alt_load.o)
 .debug_aranges
                0x0000000000000198       0x20 D:/Documents/GitHub_University/cs701/gp-2/software/nios_bsp/\libhal_bsp.a(alt_main.o)
 .debug_aranges
                0x00000000000001b8       0x20 D:/Documents/GitHub_University/cs701/gp-2/software/nios_bsp/\libhal_bsp.a(alt_write.o)
 .debug_aranges
                0x00000000000001d8       0x20 D:/Documents/GitHub_University/cs701/gp-2/software/nios_bsp/\libhal_bsp.a(alt_sys_init.o)
 .debug_aranges
                0x00000000000001f8       0x20 D:/Documents/GitHub_University/cs701/gp-2/software/nios_bsp/\libhal_bsp.a(altera_avalon_jtag_uart_fd.o)
 .debug_aranges
                0x0000000000000218       0x20 D:/Documents/GitHub_University/cs701/gp-2/software/nios_bsp/\libhal_bsp.a(altera_avalon_jtag_uart_read.o)
 .debug_aranges
                0x0000000000000238       0x20 D:/Documents/GitHub_University/cs701/gp-2/software/nios_bsp/\libhal_bsp.a(altera_avalon_jtag_uart_write.o)
 .debug_aranges
                0x0000000000000258       0x20 D:/Documents/GitHub_University/cs701/gp-2/software/nios_bsp/\libhal_bsp.a(alt_close.o)
 .debug_aranges
                0x0000000000000278       0x20 D:/Documents/GitHub_University/cs701/gp-2/software/nios_bsp/\libhal_bsp.a(alt_dcache_flush_all.o)
 .debug_aranges
                0x0000000000000298       0x20 D:/Documents/GitHub_University/cs701/gp-2/software/nios_bsp/\libhal_bsp.a(alt_dev.o)
 .debug_aranges
                0x00000000000002b8       0x20 D:/Documents/GitHub_University/cs701/gp-2/software/nios_bsp/\libhal_bsp.a(alt_dev_llist_insert.o)
 .debug_aranges
                0x00000000000002d8       0x20 D:/Documents/GitHub_University/cs701/gp-2/software/nios_bsp/\libhal_bsp.a(alt_do_ctors.o)
 .debug_aranges
                0x00000000000002f8       0x20 D:/Documents/GitHub_University/cs701/gp-2/software/nios_bsp/\libhal_bsp.a(alt_do_dtors.o)
 .debug_aranges
                0x0000000000000318       0x18 D:/Documents/GitHub_University/cs701/gp-2/software/nios_bsp/\libhal_bsp.a(alt_errno.o)
 .debug_aranges
                0x0000000000000330       0x20 D:/Documents/GitHub_University/cs701/gp-2/software/nios_bsp/\libhal_bsp.a(alt_icache_flush_all.o)
 .debug_aranges
                0x0000000000000350       0x20 D:/Documents/GitHub_University/cs701/gp-2/software/nios_bsp/\libhal_bsp.a(alt_io_redirect.o)
 .debug_aranges
                0x0000000000000370       0x20 D:/Documents/GitHub_University/cs701/gp-2/software/nios_bsp/\libhal_bsp.a(alt_open.o)
 .debug_aranges
                0x0000000000000390       0x20 D:/Documents/GitHub_University/cs701/gp-2/software/nios_bsp/\libhal_bsp.a(alt_release_fd.o)
 .debug_aranges
                0x00000000000003b0       0x20 D:/Documents/GitHub_University/cs701/gp-2/software/nios_bsp/\libhal_bsp.a(altera_nios2_gen2_irq.o)
 .debug_aranges
                0x00000000000003d0       0x20 D:/Documents/GitHub_University/cs701/gp-2/software/nios_bsp/\libhal_bsp.a(alt_find_dev.o)
 .debug_aranges
                0x00000000000003f0       0x20 D:/Documents/GitHub_University/cs701/gp-2/software/nios_bsp/\libhal_bsp.a(alt_find_file.o)
 .debug_aranges
                0x0000000000000410       0x20 D:/Documents/GitHub_University/cs701/gp-2/software/nios_bsp/\libhal_bsp.a(alt_get_fd.o)
 .debug_aranges
                0x0000000000000430       0x20 c:/intelfpga/18.1/nios2eds/bin/gnu/h-x86_64-mingw32/bin/../lib/gcc/nios2-elf/5.3.0/../../../../../H-x86_64-mingw32/nios2-elf/lib\libsmallc.a(lib_a-atexit.o)
 .debug_aranges
                0x0000000000000450       0x20 c:/intelfpga/18.1/nios2eds/bin/gnu/h-x86_64-mingw32/bin/../lib/gcc/nios2-elf/5.3.0/../../../../../H-x86_64-mingw32/nios2-elf/lib\libsmallc.a(lib_a-exit.o)
 .debug_aranges
                0x0000000000000470       0x20 c:/intelfpga/18.1/nios2eds/bin/gnu/h-x86_64-mingw32/bin/../lib/gcc/nios2-elf/5.3.0/../../../../../H-x86_64-mingw32/nios2-elf/lib\libsmallc.a(lib_a-memcmp.o)
 .debug_aranges
                0x0000000000000490       0x20 c:/intelfpga/18.1/nios2eds/bin/gnu/h-x86_64-mingw32/bin/../lib/gcc/nios2-elf/5.3.0/../../../../../H-x86_64-mingw32/nios2-elf/lib\libsmallc.a(lib_a-__atexit.o)
 .debug_aranges
                0x00000000000004b0       0x20 c:/intelfpga/18.1/nios2eds/bin/gnu/h-x86_64-mingw32/bin/../lib/gcc/nios2-elf/5.3.0/../../../../../H-x86_64-mingw32/nios2-elf/lib\libsmallc.a(lib_a-__call_atexit.o)
 .debug_aranges
                0x00000000000004d0       0x20 D:/Documents/GitHub_University/cs701/gp-2/software/nios_bsp/\libhal_bsp.a(alt_exit.o)

.debug_pubnames
 *(.debug_pubnames)

.debug_info     0x0000000000000000     0x731e
 *(.debug_info .gnu.linkonce.wi.*)
 .debug_info    0x0000000000000000       0x70 D:/Documents/GitHub_University/cs701/gp-2/software/nios_bsp//obj/HAL/src/crt0.o
 .debug_info    0x0000000000000070      0x13d obj/default/nios_reconfig.o
 .debug_info    0x00000000000001ad      0x699 c:/intelfpga/18.1/nios2eds/bin/gnu/h-x86_64-mingw32/bin/../lib/gcc/nios2-elf/5.3.0/../../../../../H-x86_64-mingw32/nios2-elf/lib\libsmallc.a(lib_a-printf.o)
 .debug_info    0x0000000000000846      0x66d c:/intelfpga/18.1/nios2eds/bin/gnu/h-x86_64-mingw32/bin/../lib/gcc/nios2-elf/5.3.0/../../../../../H-x86_64-mingw32/nios2-elf/lib\libsmallc.a(lib_a-puts.o)
 .debug_info    0x0000000000000eb3       0xc9 c:/intelfpga/18.1/nios2eds/bin/gnu/h-x86_64-mingw32/bin/../lib/gcc/nios2-elf/5.3.0/../../../../../H-x86_64-mingw32/nios2-elf/lib\libsmallc.a(lib_a-strlen.o)
 .debug_info    0x0000000000000f7c      0xb2b c:/intelfpga/18.1/nios2eds/bin/gnu/h-x86_64-mingw32/bin/../lib/gcc/nios2-elf/5.3.0/../../../../../H-x86_64-mingw32/nios2-elf/lib\libsmallc.a(lib_a-vfprintf.o)
 .debug_info    0x0000000000001aa7      0x62b c:/intelfpga/18.1/nios2eds/bin/gnu/h-x86_64-mingw32/bin/../lib/gcc/nios2-elf/5.3.0/../../../../../H-x86_64-mingw32/nios2-elf/lib\libsmallc.a(lib_a-fvwrite_small_dev.o)
 .debug_info    0x00000000000020d2      0x5a9 c:/intelfpga/18.1/nios2eds/bin/gnu/h-x86_64-mingw32/bin/../lib/gcc/nios2-elf/5.3.0/../../../../../H-x86_64-mingw32/nios2-elf/lib\libsmallc.a(lib_a-impure.o)
 .debug_info    0x000000000000267b      0x630 c:/intelfpga/18.1/nios2eds/bin/gnu/h-x86_64-mingw32/bin/../lib/gcc/nios2-elf/5.3.0/../../../../../H-x86_64-mingw32/nios2-elf/lib\libsmallc.a(lib_a-writer.o)
 .debug_info    0x0000000000002cab       0x8a c:/intelfpga/18.1/nios2eds/bin/gnu/h-x86_64-mingw32/bin/../lib/gcc/nios2-elf/5.3.0/../../../../../H-x86_64-mingw32/nios2-elf/lib\libsmallc.a(lib_a-int_errno.o)
 .debug_info    0x0000000000002d35      0x2c6 c:/intelfpga/18.1/nios2eds/bin/gnu/h-x86_64-mingw32/bin/../lib/gcc/nios2-elf/5.3.0\libgcc.a(lib2-divmod.o)
 .debug_info    0x0000000000002ffb      0x145 D:/Documents/GitHub_University/cs701/gp-2/software/nios_bsp/\libhal_bsp.a(alt_load.o)
 .debug_info    0x0000000000003140      0x131 D:/Documents/GitHub_University/cs701/gp-2/software/nios_bsp/\libhal_bsp.a(alt_main.o)
 .debug_info    0x0000000000003271      0x4b7 D:/Documents/GitHub_University/cs701/gp-2/software/nios_bsp/\libhal_bsp.a(alt_write.o)
 .debug_info    0x0000000000003728      0x3c9 D:/Documents/GitHub_University/cs701/gp-2/software/nios_bsp/\libhal_bsp.a(alt_sys_init.o)
 .debug_info    0x0000000000003af1      0x3a7 D:/Documents/GitHub_University/cs701/gp-2/software/nios_bsp/\libhal_bsp.a(altera_avalon_jtag_uart_fd.o)
 .debug_info    0x0000000000003e98      0x1b2 D:/Documents/GitHub_University/cs701/gp-2/software/nios_bsp/\libhal_bsp.a(altera_avalon_jtag_uart_read.o)
 .debug_info    0x000000000000404a      0x195 D:/Documents/GitHub_University/cs701/gp-2/software/nios_bsp/\libhal_bsp.a(altera_avalon_jtag_uart_write.o)
 .debug_info    0x00000000000041df      0x321 D:/Documents/GitHub_University/cs701/gp-2/software/nios_bsp/\libhal_bsp.a(alt_close.o)
 .debug_info    0x0000000000004500       0x92 D:/Documents/GitHub_University/cs701/gp-2/software/nios_bsp/\libhal_bsp.a(alt_dcache_flush_all.o)
 .debug_info    0x0000000000004592      0x49c D:/Documents/GitHub_University/cs701/gp-2/software/nios_bsp/\libhal_bsp.a(alt_dev.o)
 .debug_info    0x0000000000004a2e      0x1a9 D:/Documents/GitHub_University/cs701/gp-2/software/nios_bsp/\libhal_bsp.a(alt_dev_llist_insert.o)
 .debug_info    0x0000000000004bd7       0x83 D:/Documents/GitHub_University/cs701/gp-2/software/nios_bsp/\libhal_bsp.a(alt_do_ctors.o)
 .debug_info    0x0000000000004c5a       0x83 D:/Documents/GitHub_University/cs701/gp-2/software/nios_bsp/\libhal_bsp.a(alt_do_dtors.o)
 .debug_info    0x0000000000004cdd       0xa6 D:/Documents/GitHub_University/cs701/gp-2/software/nios_bsp/\libhal_bsp.a(alt_errno.o)
 .debug_info    0x0000000000004d83       0x92 D:/Documents/GitHub_University/cs701/gp-2/software/nios_bsp/\libhal_bsp.a(alt_icache_flush_all.o)
 .debug_info    0x0000000000004e15      0x4a5 D:/Documents/GitHub_University/cs701/gp-2/software/nios_bsp/\libhal_bsp.a(alt_io_redirect.o)
 .debug_info    0x00000000000052ba      0x3bb D:/Documents/GitHub_University/cs701/gp-2/software/nios_bsp/\libhal_bsp.a(alt_open.o)
 .debug_info    0x0000000000005675      0x2b0 D:/Documents/GitHub_University/cs701/gp-2/software/nios_bsp/\libhal_bsp.a(alt_release_fd.o)
 .debug_info    0x0000000000005925       0x92 D:/Documents/GitHub_University/cs701/gp-2/software/nios_bsp/\libhal_bsp.a(altera_nios2_gen2_irq.o)
 .debug_info    0x00000000000059b7      0x2e9 D:/Documents/GitHub_University/cs701/gp-2/software/nios_bsp/\libhal_bsp.a(alt_find_dev.o)
 .debug_info    0x0000000000005ca0      0x2e6 D:/Documents/GitHub_University/cs701/gp-2/software/nios_bsp/\libhal_bsp.a(alt_find_file.o)
 .debug_info    0x0000000000005f86      0x310 D:/Documents/GitHub_University/cs701/gp-2/software/nios_bsp/\libhal_bsp.a(alt_get_fd.o)
 .debug_info    0x0000000000006296       0xfe c:/intelfpga/18.1/nios2eds/bin/gnu/h-x86_64-mingw32/bin/../lib/gcc/nios2-elf/5.3.0/../../../../../H-x86_64-mingw32/nios2-elf/lib\libsmallc.a(lib_a-atexit.o)
 .debug_info    0x0000000000006394       0xe5 c:/intelfpga/18.1/nios2eds/bin/gnu/h-x86_64-mingw32/bin/../lib/gcc/nios2-elf/5.3.0/../../../../../H-x86_64-mingw32/nios2-elf/lib\libsmallc.a(lib_a-exit.o)
 .debug_info    0x0000000000006479       0xf4 c:/intelfpga/18.1/nios2eds/bin/gnu/h-x86_64-mingw32/bin/../lib/gcc/nios2-elf/5.3.0/../../../../../H-x86_64-mingw32/nios2-elf/lib\libsmallc.a(lib_a-memcmp.o)
 .debug_info    0x000000000000656d      0x64a c:/intelfpga/18.1/nios2eds/bin/gnu/h-x86_64-mingw32/bin/../lib/gcc/nios2-elf/5.3.0/../../../../../H-x86_64-mingw32/nios2-elf/lib\libsmallc.a(lib_a-__atexit.o)
 .debug_info    0x0000000000006bb7      0x67b c:/intelfpga/18.1/nios2eds/bin/gnu/h-x86_64-mingw32/bin/../lib/gcc/nios2-elf/5.3.0/../../../../../H-x86_64-mingw32/nios2-elf/lib\libsmallc.a(lib_a-__call_atexit.o)
 .debug_info    0x0000000000007232       0xec D:/Documents/GitHub_University/cs701/gp-2/software/nios_bsp/\libhal_bsp.a(alt_exit.o)

.debug_abbrev   0x0000000000000000     0x25b9
 *(.debug_abbrev)
 .debug_abbrev  0x0000000000000000       0x12 D:/Documents/GitHub_University/cs701/gp-2/software/nios_bsp//obj/HAL/src/crt0.o
 .debug_abbrev  0x0000000000000012       0xd0 obj/default/nios_reconfig.o
 .debug_abbrev  0x00000000000000e2      0x1ee c:/intelfpga/18.1/nios2eds/bin/gnu/h-x86_64-mingw32/bin/../lib/gcc/nios2-elf/5.3.0/../../../../../H-x86_64-mingw32/nios2-elf/lib\libsmallc.a(lib_a-printf.o)
 .debug_abbrev  0x00000000000002d0      0x1d6 c:/intelfpga/18.1/nios2eds/bin/gnu/h-x86_64-mingw32/bin/../lib/gcc/nios2-elf/5.3.0/../../../../../H-x86_64-mingw32/nios2-elf/lib\libsmallc.a(lib_a-puts.o)
 .debug_abbrev  0x00000000000004a6       0x7f c:/intelfpga/18.1/nios2eds/bin/gnu/h-x86_64-mingw32/bin/../lib/gcc/nios2-elf/5.3.0/../../../../../H-x86_64-mingw32/nios2-elf/lib\libsmallc.a(lib_a-strlen.o)
 .debug_abbrev  0x0000000000000525      0x2a1 c:/intelfpga/18.1/nios2eds/bin/gnu/h-x86_64-mingw32/bin/../lib/gcc/nios2-elf/5.3.0/../../../../../H-x86_64-mingw32/nios2-elf/lib\libsmallc.a(lib_a-vfprintf.o)
 .debug_abbrev  0x00000000000007c6      0x1bc c:/intelfpga/18.1/nios2eds/bin/gnu/h-x86_64-mingw32/bin/../lib/gcc/nios2-elf/5.3.0/../../../../../H-x86_64-mingw32/nios2-elf/lib\libsmallc.a(lib_a-fvwrite_small_dev.o)
 .debug_abbrev  0x0000000000000982      0x14a c:/intelfpga/18.1/nios2eds/bin/gnu/h-x86_64-mingw32/bin/../lib/gcc/nios2-elf/5.3.0/../../../../../H-x86_64-mingw32/nios2-elf/lib\libsmallc.a(lib_a-impure.o)
 .debug_abbrev  0x0000000000000acc      0x1a6 c:/intelfpga/18.1/nios2eds/bin/gnu/h-x86_64-mingw32/bin/../lib/gcc/nios2-elf/5.3.0/../../../../../H-x86_64-mingw32/nios2-elf/lib\libsmallc.a(lib_a-writer.o)
 .debug_abbrev  0x0000000000000c72       0x37 c:/intelfpga/18.1/nios2eds/bin/gnu/h-x86_64-mingw32/bin/../lib/gcc/nios2-elf/5.3.0/../../../../../H-x86_64-mingw32/nios2-elf/lib\libsmallc.a(lib_a-int_errno.o)
 .debug_abbrev  0x0000000000000ca9      0x10e c:/intelfpga/18.1/nios2eds/bin/gnu/h-x86_64-mingw32/bin/../lib/gcc/nios2-elf/5.3.0\libgcc.a(lib2-divmod.o)
 .debug_abbrev  0x0000000000000db7       0x9f D:/Documents/GitHub_University/cs701/gp-2/software/nios_bsp/\libhal_bsp.a(alt_load.o)
 .debug_abbrev  0x0000000000000e56       0xba D:/Documents/GitHub_University/cs701/gp-2/software/nios_bsp/\libhal_bsp.a(alt_main.o)
 .debug_abbrev  0x0000000000000f10      0x133 D:/Documents/GitHub_University/cs701/gp-2/software/nios_bsp/\libhal_bsp.a(alt_write.o)
 .debug_abbrev  0x0000000000001043      0x157 D:/Documents/GitHub_University/cs701/gp-2/software/nios_bsp/\libhal_bsp.a(alt_sys_init.o)
 .debug_abbrev  0x000000000000119a       0xf7 D:/Documents/GitHub_University/cs701/gp-2/software/nios_bsp/\libhal_bsp.a(altera_avalon_jtag_uart_fd.o)
 .debug_abbrev  0x0000000000001291       0xd5 D:/Documents/GitHub_University/cs701/gp-2/software/nios_bsp/\libhal_bsp.a(altera_avalon_jtag_uart_read.o)
 .debug_abbrev  0x0000000000001366       0xd5 D:/Documents/GitHub_University/cs701/gp-2/software/nios_bsp/\libhal_bsp.a(altera_avalon_jtag_uart_write.o)
 .debug_abbrev  0x000000000000143b      0x11f D:/Documents/GitHub_University/cs701/gp-2/software/nios_bsp/\libhal_bsp.a(alt_close.o)
 .debug_abbrev  0x000000000000155a       0x42 D:/Documents/GitHub_University/cs701/gp-2/software/nios_bsp/\libhal_bsp.a(alt_dcache_flush_all.o)
 .debug_abbrev  0x000000000000159c       0xd9 D:/Documents/GitHub_University/cs701/gp-2/software/nios_bsp/\libhal_bsp.a(alt_dev.o)
 .debug_abbrev  0x0000000000001675      0x114 D:/Documents/GitHub_University/cs701/gp-2/software/nios_bsp/\libhal_bsp.a(alt_dev_llist_insert.o)
 .debug_abbrev  0x0000000000001789       0x79 D:/Documents/GitHub_University/cs701/gp-2/software/nios_bsp/\libhal_bsp.a(alt_do_ctors.o)
 .debug_abbrev  0x0000000000001802       0x79 D:/Documents/GitHub_University/cs701/gp-2/software/nios_bsp/\libhal_bsp.a(alt_do_dtors.o)
 .debug_abbrev  0x000000000000187b       0x5a D:/Documents/GitHub_University/cs701/gp-2/software/nios_bsp/\libhal_bsp.a(alt_errno.o)
 .debug_abbrev  0x00000000000018d5       0x42 D:/Documents/GitHub_University/cs701/gp-2/software/nios_bsp/\libhal_bsp.a(alt_icache_flush_all.o)
 .debug_abbrev  0x0000000000001917      0x114 D:/Documents/GitHub_University/cs701/gp-2/software/nios_bsp/\libhal_bsp.a(alt_io_redirect.o)
 .debug_abbrev  0x0000000000001a2b      0x148 D:/Documents/GitHub_University/cs701/gp-2/software/nios_bsp/\libhal_bsp.a(alt_open.o)
 .debug_abbrev  0x0000000000001b73       0xde D:/Documents/GitHub_University/cs701/gp-2/software/nios_bsp/\libhal_bsp.a(alt_release_fd.o)
 .debug_abbrev  0x0000000000001c51       0x42 D:/Documents/GitHub_University/cs701/gp-2/software/nios_bsp/\libhal_bsp.a(altera_nios2_gen2_irq.o)
 .debug_abbrev  0x0000000000001c93       0xf0 D:/Documents/GitHub_University/cs701/gp-2/software/nios_bsp/\libhal_bsp.a(alt_find_dev.o)
 .debug_abbrev  0x0000000000001d83       0xf0 D:/Documents/GitHub_University/cs701/gp-2/software/nios_bsp/\libhal_bsp.a(alt_find_file.o)
 .debug_abbrev  0x0000000000001e73      0x10d D:/Documents/GitHub_University/cs701/gp-2/software/nios_bsp/\libhal_bsp.a(alt_get_fd.o)
 .debug_abbrev  0x0000000000001f80       0xaa c:/intelfpga/18.1/nios2eds/bin/gnu/h-x86_64-mingw32/bin/../lib/gcc/nios2-elf/5.3.0/../../../../../H-x86_64-mingw32/nios2-elf/lib\libsmallc.a(lib_a-atexit.o)
 .debug_abbrev  0x000000000000202a       0x8b c:/intelfpga/18.1/nios2eds/bin/gnu/h-x86_64-mingw32/bin/../lib/gcc/nios2-elf/5.3.0/../../../../../H-x86_64-mingw32/nios2-elf/lib\libsmallc.a(lib_a-exit.o)
 .debug_abbrev  0x00000000000020b5       0x7f c:/intelfpga/18.1/nios2eds/bin/gnu/h-x86_64-mingw32/bin/../lib/gcc/nios2-elf/5.3.0/../../../../../H-x86_64-mingw32/nios2-elf/lib\libsmallc.a(lib_a-memcmp.o)
 .debug_abbrev  0x0000000000002134      0x1e6 c:/intelfpga/18.1/nios2eds/bin/gnu/h-x86_64-mingw32/bin/../lib/gcc/nios2-elf/5.3.0/../../../../../H-x86_64-mingw32/nios2-elf/lib\libsmallc.a(lib_a-__atexit.o)
 .debug_abbrev  0x000000000000231a      0x1f6 c:/intelfpga/18.1/nios2eds/bin/gnu/h-x86_64-mingw32/bin/../lib/gcc/nios2-elf/5.3.0/../../../../../H-x86_64-mingw32/nios2-elf/lib\libsmallc.a(lib_a-__call_atexit.o)
 .debug_abbrev  0x0000000000002510       0xa9 D:/Documents/GitHub_University/cs701/gp-2/software/nios_bsp/\libhal_bsp.a(alt_exit.o)

.debug_line     0x0000000000000000     0x2a4d
 *(.debug_line)
 .debug_line    0x0000000000000000       0x66 D:/Documents/GitHub_University/cs701/gp-2/software/nios_bsp//obj/HAL/src/crt0.o
 .debug_line    0x0000000000000066       0xd3 obj/default/nios_reconfig.o
 .debug_line    0x0000000000000139      0x200 c:/intelfpga/18.1/nios2eds/bin/gnu/h-x86_64-mingw32/bin/../lib/gcc/nios2-elf/5.3.0/../../../../../H-x86_64-mingw32/nios2-elf/lib\libsmallc.a(lib_a-printf.o)
 .debug_line    0x0000000000000339      0x203 c:/intelfpga/18.1/nios2eds/bin/gnu/h-x86_64-mingw32/bin/../lib/gcc/nios2-elf/5.3.0/../../../../../H-x86_64-mingw32/nios2-elf/lib\libsmallc.a(lib_a-puts.o)
 .debug_line    0x000000000000053c      0x159 c:/intelfpga/18.1/nios2eds/bin/gnu/h-x86_64-mingw32/bin/../lib/gcc/nios2-elf/5.3.0/../../../../../H-x86_64-mingw32/nios2-elf/lib\libsmallc.a(lib_a-strlen.o)
 .debug_line    0x0000000000000695      0x34f c:/intelfpga/18.1/nios2eds/bin/gnu/h-x86_64-mingw32/bin/../lib/gcc/nios2-elf/5.3.0/../../../../../H-x86_64-mingw32/nios2-elf/lib\libsmallc.a(lib_a-vfprintf.o)
 .debug_line    0x00000000000009e4      0x1ed c:/intelfpga/18.1/nios2eds/bin/gnu/h-x86_64-mingw32/bin/../lib/gcc/nios2-elf/5.3.0/../../../../../H-x86_64-mingw32/nios2-elf/lib\libsmallc.a(lib_a-fvwrite_small_dev.o)
 .debug_line    0x0000000000000bd1      0x153 c:/intelfpga/18.1/nios2eds/bin/gnu/h-x86_64-mingw32/bin/../lib/gcc/nios2-elf/5.3.0/../../../../../H-x86_64-mingw32/nios2-elf/lib\libsmallc.a(lib_a-impure.o)
 .debug_line    0x0000000000000d24      0x1ea c:/intelfpga/18.1/nios2eds/bin/gnu/h-x86_64-mingw32/bin/../lib/gcc/nios2-elf/5.3.0/../../../../../H-x86_64-mingw32/nios2-elf/lib\libsmallc.a(lib_a-writer.o)
 .debug_line    0x0000000000000f0e       0x5c c:/intelfpga/18.1/nios2eds/bin/gnu/h-x86_64-mingw32/bin/../lib/gcc/nios2-elf/5.3.0/../../../../../H-x86_64-mingw32/nios2-elf/lib\libsmallc.a(lib_a-int_errno.o)
 .debug_line    0x0000000000000f6a      0x102 c:/intelfpga/18.1/nios2eds/bin/gnu/h-x86_64-mingw32/bin/../lib/gcc/nios2-elf/5.3.0\libgcc.a(lib2-divmod.o)
 .debug_line    0x000000000000106c       0x8e D:/Documents/GitHub_University/cs701/gp-2/software/nios_bsp/\libhal_bsp.a(alt_load.o)
 .debug_line    0x00000000000010fa       0xa4 D:/Documents/GitHub_University/cs701/gp-2/software/nios_bsp/\libhal_bsp.a(alt_main.o)
 .debug_line    0x000000000000119e      0x1d1 D:/Documents/GitHub_University/cs701/gp-2/software/nios_bsp/\libhal_bsp.a(alt_write.o)
 .debug_line    0x000000000000136f      0x126 D:/Documents/GitHub_University/cs701/gp-2/software/nios_bsp/\libhal_bsp.a(alt_sys_init.o)
 .debug_line    0x0000000000001495      0x112 D:/Documents/GitHub_University/cs701/gp-2/software/nios_bsp/\libhal_bsp.a(altera_avalon_jtag_uart_fd.o)
 .debug_line    0x00000000000015a7       0xfd D:/Documents/GitHub_University/cs701/gp-2/software/nios_bsp/\libhal_bsp.a(altera_avalon_jtag_uart_read.o)
 .debug_line    0x00000000000016a4       0xf4 D:/Documents/GitHub_University/cs701/gp-2/software/nios_bsp/\libhal_bsp.a(altera_avalon_jtag_uart_write.o)
 .debug_line    0x0000000000001798      0x160 D:/Documents/GitHub_University/cs701/gp-2/software/nios_bsp/\libhal_bsp.a(alt_close.o)
 .debug_line    0x00000000000018f8       0x51 D:/Documents/GitHub_University/cs701/gp-2/software/nios_bsp/\libhal_bsp.a(alt_dcache_flush_all.o)
 .debug_line    0x0000000000001949       0xf3 D:/Documents/GitHub_University/cs701/gp-2/software/nios_bsp/\libhal_bsp.a(alt_dev.o)
 .debug_line    0x0000000000001a3c       0xcf D:/Documents/GitHub_University/cs701/gp-2/software/nios_bsp/\libhal_bsp.a(alt_dev_llist_insert.o)
 .debug_line    0x0000000000001b0b       0x59 D:/Documents/GitHub_University/cs701/gp-2/software/nios_bsp/\libhal_bsp.a(alt_do_ctors.o)
 .debug_line    0x0000000000001b64       0x59 D:/Documents/GitHub_University/cs701/gp-2/software/nios_bsp/\libhal_bsp.a(alt_do_dtors.o)
 .debug_line    0x0000000000001bbd       0x51 D:/Documents/GitHub_University/cs701/gp-2/software/nios_bsp/\libhal_bsp.a(alt_errno.o)
 .debug_line    0x0000000000001c0e       0x4f D:/Documents/GitHub_University/cs701/gp-2/software/nios_bsp/\libhal_bsp.a(alt_icache_flush_all.o)
 .debug_line    0x0000000000001c5d      0x12e D:/Documents/GitHub_University/cs701/gp-2/software/nios_bsp/\libhal_bsp.a(alt_io_redirect.o)
 .debug_line    0x0000000000001d8b      0x128 D:/Documents/GitHub_University/cs701/gp-2/software/nios_bsp/\libhal_bsp.a(alt_open.o)
 .debug_line    0x0000000000001eb3       0xae D:/Documents/GitHub_University/cs701/gp-2/software/nios_bsp/\libhal_bsp.a(alt_release_fd.o)
 .debug_line    0x0000000000001f61       0x51 D:/Documents/GitHub_University/cs701/gp-2/software/nios_bsp/\libhal_bsp.a(altera_nios2_gen2_irq.o)
 .debug_line    0x0000000000001fb2       0xb5 D:/Documents/GitHub_University/cs701/gp-2/software/nios_bsp/\libhal_bsp.a(alt_find_dev.o)
 .debug_line    0x0000000000002067       0xd1 D:/Documents/GitHub_University/cs701/gp-2/software/nios_bsp/\libhal_bsp.a(alt_find_file.o)
 .debug_line    0x0000000000002138       0xd4 D:/Documents/GitHub_University/cs701/gp-2/software/nios_bsp/\libhal_bsp.a(alt_get_fd.o)
 .debug_line    0x000000000000220c       0xe4 c:/intelfpga/18.1/nios2eds/bin/gnu/h-x86_64-mingw32/bin/../lib/gcc/nios2-elf/5.3.0/../../../../../H-x86_64-mingw32/nios2-elf/lib\libsmallc.a(lib_a-atexit.o)
 .debug_line    0x00000000000022f0      0x156 c:/intelfpga/18.1/nios2eds/bin/gnu/h-x86_64-mingw32/bin/../lib/gcc/nios2-elf/5.3.0/../../../../../H-x86_64-mingw32/nios2-elf/lib\libsmallc.a(lib_a-exit.o)
 .debug_line    0x0000000000002446      0x15d c:/intelfpga/18.1/nios2eds/bin/gnu/h-x86_64-mingw32/bin/../lib/gcc/nios2-elf/5.3.0/../../../../../H-x86_64-mingw32/nios2-elf/lib\libsmallc.a(lib_a-memcmp.o)
 .debug_line    0x00000000000025a3      0x20a c:/intelfpga/18.1/nios2eds/bin/gnu/h-x86_64-mingw32/bin/../lib/gcc/nios2-elf/5.3.0/../../../../../H-x86_64-mingw32/nios2-elf/lib\libsmallc.a(lib_a-__atexit.o)
 .debug_line    0x00000000000027ad      0x22f c:/intelfpga/18.1/nios2eds/bin/gnu/h-x86_64-mingw32/bin/../lib/gcc/nios2-elf/5.3.0/../../../../../H-x86_64-mingw32/nios2-elf/lib\libsmallc.a(lib_a-__call_atexit.o)
 .debug_line    0x00000000000029dc       0x71 D:/Documents/GitHub_University/cs701/gp-2/software/nios_bsp/\libhal_bsp.a(alt_exit.o)

.debug_frame    0x0000000000000000      0x9b8
 *(.debug_frame)
 .debug_frame   0x0000000000000000       0x78 obj/default/nios_reconfig.o
 .debug_frame   0x0000000000000078       0x48 c:/intelfpga/18.1/nios2eds/bin/gnu/h-x86_64-mingw32/bin/../lib/gcc/nios2-elf/5.3.0/../../../../../H-x86_64-mingw32/nios2-elf/lib\libsmallc.a(lib_a-printf.o)
 .debug_frame   0x00000000000000c0       0x48 c:/intelfpga/18.1/nios2eds/bin/gnu/h-x86_64-mingw32/bin/../lib/gcc/nios2-elf/5.3.0/../../../../../H-x86_64-mingw32/nios2-elf/lib\libsmallc.a(lib_a-puts.o)
 .debug_frame   0x0000000000000108       0x20 c:/intelfpga/18.1/nios2eds/bin/gnu/h-x86_64-mingw32/bin/../lib/gcc/nios2-elf/5.3.0/../../../../../H-x86_64-mingw32/nios2-elf/lib\libsmallc.a(lib_a-strlen.o)
 .debug_frame   0x0000000000000128       0x8c c:/intelfpga/18.1/nios2eds/bin/gnu/h-x86_64-mingw32/bin/../lib/gcc/nios2-elf/5.3.0/../../../../../H-x86_64-mingw32/nios2-elf/lib\libsmallc.a(lib_a-vfprintf.o)
 .debug_frame   0x00000000000001b4       0x58 c:/intelfpga/18.1/nios2eds/bin/gnu/h-x86_64-mingw32/bin/../lib/gcc/nios2-elf/5.3.0/../../../../../H-x86_64-mingw32/nios2-elf/lib\libsmallc.a(lib_a-fvwrite_small_dev.o)
 .debug_frame   0x000000000000020c       0x38 c:/intelfpga/18.1/nios2eds/bin/gnu/h-x86_64-mingw32/bin/../lib/gcc/nios2-elf/5.3.0/../../../../../H-x86_64-mingw32/nios2-elf/lib\libsmallc.a(lib_a-writer.o)
 .debug_frame   0x0000000000000244       0x50 c:/intelfpga/18.1/nios2eds/bin/gnu/h-x86_64-mingw32/bin/../lib/gcc/nios2-elf/5.3.0\libgcc.a(lib2-divmod.o)
 .debug_frame   0x0000000000000294       0x5c D:/Documents/GitHub_University/cs701/gp-2/software/nios_bsp/\libhal_bsp.a(alt_load.o)
 .debug_frame   0x00000000000002f0       0x2c D:/Documents/GitHub_University/cs701/gp-2/software/nios_bsp/\libhal_bsp.a(alt_main.o)
 .debug_frame   0x000000000000031c       0x60 D:/Documents/GitHub_University/cs701/gp-2/software/nios_bsp/\libhal_bsp.a(alt_write.o)
 .debug_frame   0x000000000000037c       0x88 D:/Documents/GitHub_University/cs701/gp-2/software/nios_bsp/\libhal_bsp.a(alt_sys_init.o)
 .debug_frame   0x0000000000000404       0x60 D:/Documents/GitHub_University/cs701/gp-2/software/nios_bsp/\libhal_bsp.a(altera_avalon_jtag_uart_fd.o)
 .debug_frame   0x0000000000000464       0x34 D:/Documents/GitHub_University/cs701/gp-2/software/nios_bsp/\libhal_bsp.a(altera_avalon_jtag_uart_read.o)
 .debug_frame   0x0000000000000498       0x34 D:/Documents/GitHub_University/cs701/gp-2/software/nios_bsp/\libhal_bsp.a(altera_avalon_jtag_uart_write.o)
 .debug_frame   0x00000000000004cc       0x60 D:/Documents/GitHub_University/cs701/gp-2/software/nios_bsp/\libhal_bsp.a(alt_close.o)
 .debug_frame   0x000000000000052c       0x34 D:/Documents/GitHub_University/cs701/gp-2/software/nios_bsp/\libhal_bsp.a(alt_dcache_flush_all.o)
 .debug_frame   0x0000000000000560       0x34 D:/Documents/GitHub_University/cs701/gp-2/software/nios_bsp/\libhal_bsp.a(alt_dev.o)
 .debug_frame   0x0000000000000594       0x60 D:/Documents/GitHub_University/cs701/gp-2/software/nios_bsp/\libhal_bsp.a(alt_dev_llist_insert.o)
 .debug_frame   0x00000000000005f4       0x38 D:/Documents/GitHub_University/cs701/gp-2/software/nios_bsp/\libhal_bsp.a(alt_do_ctors.o)
 .debug_frame   0x000000000000062c       0x38 D:/Documents/GitHub_University/cs701/gp-2/software/nios_bsp/\libhal_bsp.a(alt_do_dtors.o)
 .debug_frame   0x0000000000000664       0x34 D:/Documents/GitHub_University/cs701/gp-2/software/nios_bsp/\libhal_bsp.a(alt_icache_flush_all.o)
 .debug_frame   0x0000000000000698       0x60 D:/Documents/GitHub_University/cs701/gp-2/software/nios_bsp/\libhal_bsp.a(alt_io_redirect.o)
 .debug_frame   0x00000000000006f8       0x84 D:/Documents/GitHub_University/cs701/gp-2/software/nios_bsp/\libhal_bsp.a(alt_open.o)
 .debug_frame   0x000000000000077c       0x34 D:/Documents/GitHub_University/cs701/gp-2/software/nios_bsp/\libhal_bsp.a(alt_release_fd.o)
 .debug_frame   0x00000000000007b0       0x34 D:/Documents/GitHub_University/cs701/gp-2/software/nios_bsp/\libhal_bsp.a(altera_nios2_gen2_irq.o)
 .debug_frame   0x00000000000007e4       0x38 D:/Documents/GitHub_University/cs701/gp-2/software/nios_bsp/\libhal_bsp.a(alt_find_dev.o)
 .debug_frame   0x000000000000081c       0x38 D:/Documents/GitHub_University/cs701/gp-2/software/nios_bsp/\libhal_bsp.a(alt_find_file.o)
 .debug_frame   0x0000000000000854       0x34 D:/Documents/GitHub_University/cs701/gp-2/software/nios_bsp/\libhal_bsp.a(alt_get_fd.o)
 .debug_frame   0x0000000000000888       0x20 c:/intelfpga/18.1/nios2eds/bin/gnu/h-x86_64-mingw32/bin/../lib/gcc/nios2-elf/5.3.0/../../../../../H-x86_64-mingw32/nios2-elf/lib\libsmallc.a(lib_a-atexit.o)
 .debug_frame   0x00000000000008a8       0x28 c:/intelfpga/18.1/nios2eds/bin/gnu/h-x86_64-mingw32/bin/../lib/gcc/nios2-elf/5.3.0/../../../../../H-x86_64-mingw32/nios2-elf/lib\libsmallc.a(lib_a-exit.o)
 .debug_frame   0x00000000000008d0       0x20 c:/intelfpga/18.1/nios2eds/bin/gnu/h-x86_64-mingw32/bin/../lib/gcc/nios2-elf/5.3.0/../../../../../H-x86_64-mingw32/nios2-elf/lib\libsmallc.a(lib_a-memcmp.o)
 .debug_frame   0x00000000000008f0       0x48 c:/intelfpga/18.1/nios2eds/bin/gnu/h-x86_64-mingw32/bin/../lib/gcc/nios2-elf/5.3.0/../../../../../H-x86_64-mingw32/nios2-elf/lib\libsmallc.a(lib_a-__atexit.o)
 .debug_frame   0x0000000000000938       0x54 c:/intelfpga/18.1/nios2eds/bin/gnu/h-x86_64-mingw32/bin/../lib/gcc/nios2-elf/5.3.0/../../../../../H-x86_64-mingw32/nios2-elf/lib\libsmallc.a(lib_a-__call_atexit.o)
 .debug_frame   0x000000000000098c       0x2c D:/Documents/GitHub_University/cs701/gp-2/software/nios_bsp/\libhal_bsp.a(alt_exit.o)

.debug_str      0x0000000000000000     0x15fb
 *(.debug_str)
 .debug_str     0x0000000000000000      0x11b obj/default/nios_reconfig.o
                                        0x15f (size before relaxing)
 .debug_str     0x000000000000011b      0x40f c:/intelfpga/18.1/nios2eds/bin/gnu/h-x86_64-mingw32/bin/../lib/gcc/nios2-elf/5.3.0/../../../../../H-x86_64-mingw32/nios2-elf/lib\libsmallc.a(lib_a-printf.o)
                                        0x4ea (size before relaxing)
 .debug_str     0x000000000000052a       0x60 c:/intelfpga/18.1/nios2eds/bin/gnu/h-x86_64-mingw32/bin/../lib/gcc/nios2-elf/5.3.0/../../../../../H-x86_64-mingw32/nios2-elf/lib\libsmallc.a(lib_a-puts.o)
                                        0x4b3 (size before relaxing)
 .debug_str     0x000000000000058a       0xc4 c:/intelfpga/18.1/nios2eds/bin/gnu/h-x86_64-mingw32/bin/../lib/gcc/nios2-elf/5.3.0/../../../../../H-x86_64-mingw32/nios2-elf/lib\libsmallc.a(lib_a-strlen.o)
                                        0x1cb (size before relaxing)
 .debug_str     0x000000000000064e      0x1e9 c:/intelfpga/18.1/nios2eds/bin/gnu/h-x86_64-mingw32/bin/../lib/gcc/nios2-elf/5.3.0/../../../../../H-x86_64-mingw32/nios2-elf/lib\libsmallc.a(lib_a-vfprintf.o)
                                        0x665 (size before relaxing)
 .debug_str     0x0000000000000837       0x60 c:/intelfpga/18.1/nios2eds/bin/gnu/h-x86_64-mingw32/bin/../lib/gcc/nios2-elf/5.3.0/../../../../../H-x86_64-mingw32/nios2-elf/lib\libsmallc.a(lib_a-fvwrite_small_dev.o)
                                        0x4ba (size before relaxing)
 .debug_str     0x0000000000000897       0xe1 c:/intelfpga/18.1/nios2eds/bin/gnu/h-x86_64-mingw32/bin/../lib/gcc/nios2-elf/5.3.0/../../../../../H-x86_64-mingw32/nios2-elf/lib\libsmallc.a(lib_a-impure.o)
                                        0x4a4 (size before relaxing)
 .debug_str     0x0000000000000978       0x42 c:/intelfpga/18.1/nios2eds/bin/gnu/h-x86_64-mingw32/bin/../lib/gcc/nios2-elf/5.3.0/../../../../../H-x86_64-mingw32/nios2-elf/lib\libsmallc.a(lib_a-writer.o)
                                        0x49e (size before relaxing)
 .debug_str     0x00000000000009ba       0x3c c:/intelfpga/18.1/nios2eds/bin/gnu/h-x86_64-mingw32/bin/../lib/gcc/nios2-elf/5.3.0/../../../../../H-x86_64-mingw32/nios2-elf/lib\libsmallc.a(lib_a-int_errno.o)
                                        0x1be (size before relaxing)
 .debug_str     0x00000000000009f6      0x16d c:/intelfpga/18.1/nios2eds/bin/gnu/h-x86_64-mingw32/bin/../lib/gcc/nios2-elf/5.3.0\libgcc.a(lib2-divmod.o)
                                        0x1b8 (size before relaxing)
 .debug_str     0x0000000000000b63      0x12d D:/Documents/GitHub_University/cs701/gp-2/software/nios_bsp/\libhal_bsp.a(alt_load.o)
                                        0x211 (size before relaxing)
 .debug_str     0x0000000000000c90       0x70 D:/Documents/GitHub_University/cs701/gp-2/software/nios_bsp/\libhal_bsp.a(alt_main.o)
                                        0x19c (size before relaxing)
 .debug_str     0x0000000000000d00      0x15f D:/Documents/GitHub_University/cs701/gp-2/software/nios_bsp/\libhal_bsp.a(alt_write.o)
                                        0x2f7 (size before relaxing)
 .debug_str     0x0000000000000e5f      0x103 D:/Documents/GitHub_University/cs701/gp-2/software/nios_bsp/\libhal_bsp.a(alt_sys_init.o)
                                        0x2d1 (size before relaxing)
 .debug_str     0x0000000000000f62       0x77 D:/Documents/GitHub_University/cs701/gp-2/software/nios_bsp/\libhal_bsp.a(altera_avalon_jtag_uart_fd.o)
                                        0x2d4 (size before relaxing)
 .debug_str     0x0000000000000fd9       0x48 D:/Documents/GitHub_University/cs701/gp-2/software/nios_bsp/\libhal_bsp.a(altera_avalon_jtag_uart_read.o)
                                        0x21e (size before relaxing)
 .debug_str     0x0000000000001021       0x4a D:/Documents/GitHub_University/cs701/gp-2/software/nios_bsp/\libhal_bsp.a(altera_avalon_jtag_uart_write.o)
                                        0x214 (size before relaxing)
 .debug_str     0x000000000000106b       0x1b D:/Documents/GitHub_University/cs701/gp-2/software/nios_bsp/\libhal_bsp.a(alt_close.o)
                                        0x20a (size before relaxing)
 .debug_str     0x0000000000001086       0x34 D:/Documents/GitHub_University/cs701/gp-2/software/nios_bsp/\libhal_bsp.a(alt_dcache_flush_all.o)
                                        0x154 (size before relaxing)
 .debug_str     0x00000000000010ba       0x50 D:/Documents/GitHub_University/cs701/gp-2/software/nios_bsp/\libhal_bsp.a(alt_dev.o)
                                        0x304 (size before relaxing)
 .debug_str     0x000000000000110a       0x4b D:/Documents/GitHub_University/cs701/gp-2/software/nios_bsp/\libhal_bsp.a(alt_dev_llist_insert.o)
                                        0x1cb (size before relaxing)
 .debug_str     0x0000000000001155       0x48 D:/Documents/GitHub_University/cs701/gp-2/software/nios_bsp/\libhal_bsp.a(alt_do_ctors.o)
                                         0xcf (size before relaxing)
 .debug_str     0x000000000000119d       0x4c D:/Documents/GitHub_University/cs701/gp-2/software/nios_bsp/\libhal_bsp.a(alt_do_dtors.o)
                                         0xce (size before relaxing)
 .debug_str     0x00000000000011e9       0x14 D:/Documents/GitHub_University/cs701/gp-2/software/nios_bsp/\libhal_bsp.a(alt_errno.o)
                                        0x144 (size before relaxing)
 .debug_str     0x00000000000011fd       0x34 D:/Documents/GitHub_University/cs701/gp-2/software/nios_bsp/\libhal_bsp.a(alt_icache_flush_all.o)
                                        0x154 (size before relaxing)
 .debug_str     0x0000000000001231       0x56 D:/Documents/GitHub_University/cs701/gp-2/software/nios_bsp/\libhal_bsp.a(alt_io_redirect.o)
                                        0x315 (size before relaxing)
 .debug_str     0x0000000000001287       0x36 D:/Documents/GitHub_University/cs701/gp-2/software/nios_bsp/\libhal_bsp.a(alt_open.o)
                                        0x24a (size before relaxing)
 .debug_str     0x00000000000012bd       0x28 D:/Documents/GitHub_University/cs701/gp-2/software/nios_bsp/\libhal_bsp.a(alt_release_fd.o)
                                        0x1d2 (size before relaxing)
 .debug_str     0x00000000000012e5       0x3b D:/Documents/GitHub_University/cs701/gp-2/software/nios_bsp/\libhal_bsp.a(altera_nios2_gen2_irq.o)
                                        0x15b (size before relaxing)
 .debug_str     0x0000000000001320       0x24 D:/Documents/GitHub_University/cs701/gp-2/software/nios_bsp/\libhal_bsp.a(alt_find_dev.o)
                                        0x1eb (size before relaxing)
 .debug_str     0x0000000000001344       0x26 D:/Documents/GitHub_University/cs701/gp-2/software/nios_bsp/\libhal_bsp.a(alt_find_file.o)
                                        0x1f9 (size before relaxing)
 .debug_str     0x000000000000136a       0x30 D:/Documents/GitHub_University/cs701/gp-2/software/nios_bsp/\libhal_bsp.a(alt_get_fd.o)
                                        0x21b (size before relaxing)
 .debug_str     0x000000000000139a      0x108 c:/intelfpga/18.1/nios2eds/bin/gnu/h-x86_64-mingw32/bin/../lib/gcc/nios2-elf/5.3.0/../../../../../H-x86_64-mingw32/nios2-elf/lib\libsmallc.a(lib_a-atexit.o)
                                        0x202 (size before relaxing)
 .debug_str     0x00000000000014a2       0x49 c:/intelfpga/18.1/nios2eds/bin/gnu/h-x86_64-mingw32/bin/../lib/gcc/nios2-elf/5.3.0/../../../../../H-x86_64-mingw32/nios2-elf/lib\libsmallc.a(lib_a-exit.o)
                                        0x1d6 (size before relaxing)
 .debug_str     0x00000000000014eb       0x41 c:/intelfpga/18.1/nios2eds/bin/gnu/h-x86_64-mingw32/bin/../lib/gcc/nios2-elf/5.3.0/../../../../../H-x86_64-mingw32/nios2-elf/lib\libsmallc.a(lib_a-memcmp.o)
                                        0x1c5 (size before relaxing)
 .debug_str     0x000000000000152c       0x43 c:/intelfpga/18.1/nios2eds/bin/gnu/h-x86_64-mingw32/bin/../lib/gcc/nios2-elf/5.3.0/../../../../../H-x86_64-mingw32/nios2-elf/lib\libsmallc.a(lib_a-__atexit.o)
                                        0x4e5 (size before relaxing)
 .debug_str     0x000000000000156f       0x62 c:/intelfpga/18.1/nios2eds/bin/gnu/h-x86_64-mingw32/bin/../lib/gcc/nios2-elf/5.3.0/../../../../../H-x86_64-mingw32/nios2-elf/lib\libsmallc.a(lib_a-__call_atexit.o)
                                        0x4d1 (size before relaxing)
 .debug_str     0x00000000000015d1       0x2a D:/Documents/GitHub_University/cs701/gp-2/software/nios_bsp/\libhal_bsp.a(alt_exit.o)
                                        0x150 (size before relaxing)

.debug_loc      0x0000000000000000     0x14f4
 *(.debug_loc)
 .debug_loc     0x0000000000000000       0xc6 c:/intelfpga/18.1/nios2eds/bin/gnu/h-x86_64-mingw32/bin/../lib/gcc/nios2-elf/5.3.0/../../../../../H-x86_64-mingw32/nios2-elf/lib\libsmallc.a(lib_a-printf.o)
 .debug_loc     0x00000000000000c6       0x97 c:/intelfpga/18.1/nios2eds/bin/gnu/h-x86_64-mingw32/bin/../lib/gcc/nios2-elf/5.3.0/../../../../../H-x86_64-mingw32/nios2-elf/lib\libsmallc.a(lib_a-puts.o)
 .debug_loc     0x000000000000015d       0x1e c:/intelfpga/18.1/nios2eds/bin/gnu/h-x86_64-mingw32/bin/../lib/gcc/nios2-elf/5.3.0/../../../../../H-x86_64-mingw32/nios2-elf/lib\libsmallc.a(lib_a-strlen.o)
 .debug_loc     0x000000000000017b      0x901 c:/intelfpga/18.1/nios2eds/bin/gnu/h-x86_64-mingw32/bin/../lib/gcc/nios2-elf/5.3.0/../../../../../H-x86_64-mingw32/nios2-elf/lib\libsmallc.a(lib_a-vfprintf.o)
 .debug_loc     0x0000000000000a7c      0x110 c:/intelfpga/18.1/nios2eds/bin/gnu/h-x86_64-mingw32/bin/../lib/gcc/nios2-elf/5.3.0/../../../../../H-x86_64-mingw32/nios2-elf/lib\libsmallc.a(lib_a-fvwrite_small_dev.o)
 .debug_loc     0x0000000000000b8c       0xa5 c:/intelfpga/18.1/nios2eds/bin/gnu/h-x86_64-mingw32/bin/../lib/gcc/nios2-elf/5.3.0/../../../../../H-x86_64-mingw32/nios2-elf/lib\libsmallc.a(lib_a-writer.o)
 .debug_loc     0x0000000000000c31      0x4ce c:/intelfpga/18.1/nios2eds/bin/gnu/h-x86_64-mingw32/bin/../lib/gcc/nios2-elf/5.3.0\libgcc.a(lib2-divmod.o)
 .debug_loc     0x00000000000010ff       0x2c c:/intelfpga/18.1/nios2eds/bin/gnu/h-x86_64-mingw32/bin/../lib/gcc/nios2-elf/5.3.0/../../../../../H-x86_64-mingw32/nios2-elf/lib\libsmallc.a(lib_a-atexit.o)
 .debug_loc     0x000000000000112b       0x1e c:/intelfpga/18.1/nios2eds/bin/gnu/h-x86_64-mingw32/bin/../lib/gcc/nios2-elf/5.3.0/../../../../../H-x86_64-mingw32/nios2-elf/lib\libsmallc.a(lib_a-exit.o)
 .debug_loc     0x0000000000001149       0x94 c:/intelfpga/18.1/nios2eds/bin/gnu/h-x86_64-mingw32/bin/../lib/gcc/nios2-elf/5.3.0/../../../../../H-x86_64-mingw32/nios2-elf/lib\libsmallc.a(lib_a-memcmp.o)
 .debug_loc     0x00000000000011dd      0x1c0 c:/intelfpga/18.1/nios2eds/bin/gnu/h-x86_64-mingw32/bin/../lib/gcc/nios2-elf/5.3.0/../../../../../H-x86_64-mingw32/nios2-elf/lib\libsmallc.a(lib_a-__atexit.o)
 .debug_loc     0x000000000000139d      0x157 c:/intelfpga/18.1/nios2eds/bin/gnu/h-x86_64-mingw32/bin/../lib/gcc/nios2-elf/5.3.0/../../../../../H-x86_64-mingw32/nios2-elf/lib\libsmallc.a(lib_a-__call_atexit.o)

.debug_macinfo
 *(.debug_macinfo)

.debug_weaknames
 *(.debug_weaknames)

.debug_funcnames
 *(.debug_funcnames)

.debug_typenames
 *(.debug_typenames)

.debug_varnames
 *(.debug_varnames)

.debug_alt_sim_info
                0x0000000000000000       0x10
 *(.debug_alt_sim_info)
 .debug_alt_sim_info
                0x0000000000000000       0x10 D:/Documents/GitHub_University/cs701/gp-2/software/nios_bsp//obj/HAL/src/crt0.o
                0x0000000001040000                __alt_data_end = 0x1040000
                0x0000000001040000                PROVIDE (__alt_stack_pointer, __alt_data_end)
                [!provide]                        PROVIDE (__alt_stack_limit, __alt_stack_base)
                [!provide]                        PROVIDE (__alt_heap_start, end)
                [!provide]                        PROVIDE (__alt_heap_limit, 0x1040000)
OUTPUT(nios.elf elf32-littlenios2)

.debug_ranges   0x0000000000000000      0x240
 .debug_ranges  0x0000000000000000       0x20 D:/Documents/GitHub_University/cs701/gp-2/software/nios_bsp//obj/HAL/src/crt0.o
 .debug_ranges  0x0000000000000020       0x18 c:/intelfpga/18.1/nios2eds/bin/gnu/h-x86_64-mingw32/bin/../lib/gcc/nios2-elf/5.3.0/../../../../../H-x86_64-mingw32/nios2-elf/lib\libsmallc.a(lib_a-printf.o)
 .debug_ranges  0x0000000000000038       0x18 c:/intelfpga/18.1/nios2eds/bin/gnu/h-x86_64-mingw32/bin/../lib/gcc/nios2-elf/5.3.0/../../../../../H-x86_64-mingw32/nios2-elf/lib\libsmallc.a(lib_a-puts.o)
 .debug_ranges  0x0000000000000050       0x10 c:/intelfpga/18.1/nios2eds/bin/gnu/h-x86_64-mingw32/bin/../lib/gcc/nios2-elf/5.3.0/../../../../../H-x86_64-mingw32/nios2-elf/lib\libsmallc.a(lib_a-strlen.o)
 .debug_ranges  0x0000000000000060       0xc8 c:/intelfpga/18.1/nios2eds/bin/gnu/h-x86_64-mingw32/bin/../lib/gcc/nios2-elf/5.3.0/../../../../../H-x86_64-mingw32/nios2-elf/lib\libsmallc.a(lib_a-vfprintf.o)
 .debug_ranges  0x0000000000000128       0x28 c:/intelfpga/18.1/nios2eds/bin/gnu/h-x86_64-mingw32/bin/../lib/gcc/nios2-elf/5.3.0/../../../../../H-x86_64-mingw32/nios2-elf/lib\libsmallc.a(lib_a-fvwrite_small_dev.o)
 .debug_ranges  0x0000000000000150       0x10 c:/intelfpga/18.1/nios2eds/bin/gnu/h-x86_64-mingw32/bin/../lib/gcc/nios2-elf/5.3.0/../../../../../H-x86_64-mingw32/nios2-elf/lib\libsmallc.a(lib_a-writer.o)
 .debug_ranges  0x0000000000000160       0x60 c:/intelfpga/18.1/nios2eds/bin/gnu/h-x86_64-mingw32/bin/../lib/gcc/nios2-elf/5.3.0\libgcc.a(lib2-divmod.o)
 .debug_ranges  0x00000000000001c0       0x18 D:/Documents/GitHub_University/cs701/gp-2/software/nios_bsp/\libhal_bsp.a(altera_avalon_jtag_uart_read.o)
 .debug_ranges  0x00000000000001d8       0x10 c:/intelfpga/18.1/nios2eds/bin/gnu/h-x86_64-mingw32/bin/../lib/gcc/nios2-elf/5.3.0/../../../../../H-x86_64-mingw32/nios2-elf/lib\libsmallc.a(lib_a-atexit.o)
 .debug_ranges  0x00000000000001e8       0x10 c:/intelfpga/18.1/nios2eds/bin/gnu/h-x86_64-mingw32/bin/../lib/gcc/nios2-elf/5.3.0/../../../../../H-x86_64-mingw32/nios2-elf/lib\libsmallc.a(lib_a-exit.o)
 .debug_ranges  0x00000000000001f8       0x10 c:/intelfpga/18.1/nios2eds/bin/gnu/h-x86_64-mingw32/bin/../lib/gcc/nios2-elf/5.3.0/../../../../../H-x86_64-mingw32/nios2-elf/lib\libsmallc.a(lib_a-memcmp.o)
 .debug_ranges  0x0000000000000208       0x10 c:/intelfpga/18.1/nios2eds/bin/gnu/h-x86_64-mingw32/bin/../lib/gcc/nios2-elf/5.3.0/../../../../../H-x86_64-mingw32/nios2-elf/lib\libsmallc.a(lib_a-__atexit.o)
 .debug_ranges  0x0000000000000218       0x28 c:/intelfpga/18.1/nios2eds/bin/gnu/h-x86_64-mingw32/bin/../lib/gcc/nios2-elf/5.3.0/../../../../../H-x86_64-mingw32/nios2-elf/lib\libsmallc.a(lib_a-__call_atexit.o)
